  正在判斷要還原的專案...
  所有專案都在最新狀態，可進行還原。
C:\Company\PHStatistics.portal\source\schema\Data\Content\Region.cs(24,26): warning CS1591: 遺漏公用可見類型或成員 'Region.CreatedTime' 的 XML 註解 [C:\Company\PHStatistics.portal\source\schema\Data\Data.csproj]
C:\Company\PHStatistics.portal\source\schema\Data\Content\Region.cs(27,26): warning CS1591: 遺漏公用可見類型或成員 'Region.UpdatedTime' 的 XML 註解 [C:\Company\PHStatistics.portal\source\schema\Data\Data.csproj]
C:\Company\PHStatistics.portal\source\schema\Data\Content\Region.cs(30,25): warning CS1591: 遺漏公用可見類型或成員 'Region.DataMode' 的 XML 註解 [C:\Company\PHStatistics.portal\source\schema\Data\Data.csproj]
C:\Company\PHStatistics.portal\source\schema\Data\ImportRow\ImportRow.cs(18,16): warning CS1591: 遺漏公用可見類型或成員 'ImportRow.ImportRow()' 的 XML 註解 [C:\Company\PHStatistics.portal\source\schema\Data\Data.csproj]
  Data -> C:\Company\PHStatistics.portal\binary\Debug\net8.0\PHStatistics.dll
  Core -> C:\Company\PHStatistics.portal\binary\Debug\net8.0\PHStatistics.Core.dll
C:\Company\PHStatistics.portal\source\portal\Portal\Views\Shared\_Header.cshtml(8,9): warning CS0219: 已指派變數 'index'，但是從未使用過它的值 [C:\Company\PHStatistics.portal\source\portal\Portal\Portal.csproj]
C:\Company\PHStatistics.portal\source\portal\Portal\Controllers\StudentPopulationController.cs(130,30): warning CS0168: 已宣告變數 'ex'，但從未使用過它 [C:\Company\PHStatistics.portal\source\portal\Portal\Portal.csproj]
C:\Company\PHStatistics.portal\source\portal\Portal\Controllers\StudentPopulationController.cs(149,30): warning CS0168: 已宣告變數 'ex'，但從未使用過它 [C:\Company\PHStatistics.portal\source\portal\Portal\Portal.csproj]
C:\Company\PHStatistics.portal\source\portal\Portal\Views\StudentPopulation\CreateASPopulation.cshtml(113,25): warning CS0219: 已指派變數 'itemRowNo'，但是從未使用過它的值 [C:\Company\PHStatistics.portal\source\portal\Portal\Portal.csproj]
C:\Company\PHStatistics.portal\source\portal\Portal\Views\StudentPopulation\CreateGeptPopulation.cshtml(113,25): warning CS0219: 已指派變數 'itemRowNo'，但是從未使用過它的值 [C:\Company\PHStatistics.portal\source\portal\Portal\Portal.csproj]
C:\Company\PHStatistics.portal\source\portal\Portal\Views\StudentPopulation\CreatePSJPopulation.cshtml(116,25): warning CS0219: 已指派變數 'itemRowNo'，但是從未使用過它的值 [C:\Company\PHStatistics.portal\source\portal\Portal\Portal.csproj]
C:\Company\PHStatistics.portal\source\portal\Portal\Views\StudentPopulation\CreatePopulation.cshtml(125,25): warning CS0219: 已指派變數 'itemRowNo'，但是從未使用過它的值 [C:\Company\PHStatistics.portal\source\portal\Portal\Portal.csproj]
C:\Company\PHStatistics.portal\source\portal\Portal\Views\StudentPopulation\CreatePSPopulation.cshtml(113,25): warning CS0219: 已指派變數 'itemRowNo'，但是從未使用過它的值 [C:\Company\PHStatistics.portal\source\portal\Portal\Portal.csproj]
C:\Company\PHStatistics.portal\source\portal\Portal\Controllers\HomeController.cs(186,50): warning CS0168: 已宣告變數 'ex'，但從未使用過它 [C:\Company\PHStatistics.portal\source\portal\Portal\Portal.csproj]
C:\Company\PHStatistics.portal\source\portal\Portal\Controllers\HomeController.cs(396,49): warning CS0219: 已指派變數 'checkCount'，但是從未使用過它的值 [C:\Company\PHStatistics.portal\source\portal\Portal\Portal.csproj]
C:\Company\PHStatistics.portal\source\portal\Portal\Controllers\HomeController.cs(150,36): warning CS0219: 已指派變數 'year'，但是從未使用過它的值 [C:\Company\PHStatistics.portal\source\portal\Portal\Portal.csproj]
C:\Company\PHStatistics.portal\source\portal\Portal\Controllers\HomeController.cs(161,37): warning CS0219: 已指派變數 'pics'，但是從未使用過它的值 [C:\Company\PHStatistics.portal\source\portal\Portal\Portal.csproj]
C:\Company\PHStatistics.portal\source\portal\Portal\Controllers\HomeController.cs(286,34): warning CS0219: 已指派變數 'isNew'，但是從未使用過它的值 [C:\Company\PHStatistics.portal\source\portal\Portal\Portal.csproj]
C:\Company\PHStatistics.portal\source\portal\Portal\Controllers\HomeController.cs(602,29): warning CS0219: 已指派變數 'pics'，但是從未使用過它的值 [C:\Company\PHStatistics.portal\source\portal\Portal\Portal.csproj]
C:\Company\PHStatistics.portal\source\portal\Portal\Controllers\HomeController.cs(644,30): warning CS0168: 已宣告變數 'ex'，但從未使用過它 [C:\Company\PHStatistics.portal\source\portal\Portal\Portal.csproj]
C:\Company\PHStatistics.portal\source\portal\Portal\Controllers\HomeController.cs(668,29): warning CS0219: 已指派變數 'count'，但是從未使用過它的值 [C:\Company\PHStatistics.portal\source\portal\Portal\Portal.csproj]
C:\Company\PHStatistics.portal\source\portal\Portal\Controllers\HomeController.cs(914,39): warning CS0168: 已宣告變數 'fe'，但從未使用過它 [C:\Company\PHStatistics.portal\source\portal\Portal\Portal.csproj]
C:\Company\PHStatistics.portal\source\portal\Portal\Controllers\HomeController.cs(935,29): warning CS0219: 已指派變數 'count'，但是從未使用過它的值 [C:\Company\PHStatistics.portal\source\portal\Portal\Portal.csproj]
C:\Company\PHStatistics.portal\source\portal\Portal\Controllers\HomeController.cs(1021,39): warning CS0168: 已宣告變數 'fe'，但從未使用過它 [C:\Company\PHStatistics.portal\source\portal\Portal\Portal.csproj]
C:\Company\PHStatistics.portal\source\portal\Portal\Controllers\HomeController.cs(1085,33): warning CS0219: 已指派變數 'departmentOrdinal'，但是從未使用過它的值 [C:\Company\PHStatistics.portal\source\portal\Portal\Portal.csproj]
C:\Company\PHStatistics.portal\source\portal\Portal\Controllers\HomeController.cs(1086,33): warning CS0219: 已指派變數 'courseOrdinal'，但是從未使用過它的值 [C:\Company\PHStatistics.portal\source\portal\Portal\Portal.csproj]
C:\Company\PHStatistics.portal\source\portal\Portal\Controllers\HomeController.cs(1043,29): warning CS0219: 已指派變數 'count'，但是從未使用過它的值 [C:\Company\PHStatistics.portal\source\portal\Portal\Portal.csproj]
C:\Company\PHStatistics.portal\source\portal\Portal\Controllers\HomeController.cs(1141,39): warning CS0168: 已宣告變數 'fe'，但從未使用過它 [C:\Company\PHStatistics.portal\source\portal\Portal\Portal.csproj]
C:\Company\PHStatistics.portal\source\portal\Portal\Controllers\HomeController.cs(1226,29): warning CS0219: 已指派變數 'count'，但是從未使用過它的值 [C:\Company\PHStatistics.portal\source\portal\Portal\Portal.csproj]
C:\Company\PHStatistics.portal\source\portal\Portal\Controllers\HomeController.cs(1283,39): warning CS0168: 已宣告變數 'fe'，但從未使用過它 [C:\Company\PHStatistics.portal\source\portal\Portal\Portal.csproj]
C:\Company\PHStatistics.portal\source\portal\Portal\Controllers\HomeController.cs(1313,39): warning CS0168: 已宣告變數 'fe'，但從未使用過它 [C:\Company\PHStatistics.portal\source\portal\Portal\Portal.csproj]
C:\Company\PHStatistics.portal\source\portal\Portal\Controllers\HomeController.cs(1338,29): warning CS0219: 已指派變數 'count'，但是從未使用過它的值 [C:\Company\PHStatistics.portal\source\portal\Portal\Portal.csproj]
C:\Company\PHStatistics.portal\source\portal\Portal\Controllers\HomeController.cs(1342,32): warning CS0219: 已指派變數 'year'，但是從未使用過它的值 [C:\Company\PHStatistics.portal\source\portal\Portal\Portal.csproj]
C:\Company\PHStatistics.portal\source\portal\Portal\Controllers\HomeController.cs(1343,29): warning CS0219: 已指派變數 'yearInt'，但是從未使用過它的值 [C:\Company\PHStatistics.portal\source\portal\Portal\Portal.csproj]
C:\Company\PHStatistics.portal\source\portal\Portal\Controllers\HomeController.cs(1348,33): warning CS0219: 已指派變數 'pics'，但是從未使用過它的值 [C:\Company\PHStatistics.portal\source\portal\Portal\Portal.csproj]
C:\Company\PHStatistics.portal\source\portal\Portal\Controllers\HomeController.cs(1553,39): warning CS0168: 已宣告變數 'fe'，但從未使用過它 [C:\Company\PHStatistics.portal\source\portal\Portal\Portal.csproj]
C:\Company\PHStatistics.portal\source\portal\Portal\Controllers\HomeController.cs(1723,66): warning CS0168: 已宣告變數 'ex'，但從未使用過它 [C:\Company\PHStatistics.portal\source\portal\Portal\Portal.csproj]
C:\Company\PHStatistics.portal\source\portal\Portal\Controllers\HomeController.cs(1793,70): warning CS0168: 已宣告變數 'ex'，但從未使用過它 [C:\Company\PHStatistics.portal\source\portal\Portal\Portal.csproj]
C:\Company\PHStatistics.portal\source\portal\Portal\Controllers\HomeController.cs(1577,29): warning CS0219: 已指派變數 'count'，但是從未使用過它的值 [C:\Company\PHStatistics.portal\source\portal\Portal\Portal.csproj]
C:\Company\PHStatistics.portal\source\portal\Portal\Controllers\HomeController.cs(1827,39): warning CS0168: 已宣告變數 'fe'，但從未使用過它 [C:\Company\PHStatistics.portal\source\portal\Portal\Portal.csproj]
C:\Company\PHStatistics.portal\source\portal\Portal\Controllers\HomeController.cs(1848,29): warning CS0219: 已指派變數 'count'，但是從未使用過它的值 [C:\Company\PHStatistics.portal\source\portal\Portal\Portal.csproj]
C:\Company\PHStatistics.portal\source\portal\Portal\Controllers\HomeController.cs(2102,39): warning CS0168: 已宣告變數 'fe'，但從未使用過它 [C:\Company\PHStatistics.portal\source\portal\Portal\Portal.csproj]
C:\Company\PHStatistics.portal\source\portal\Portal\Controllers\HomeController.cs(2258,66): warning CS0168: 已宣告變數 'ex'，但從未使用過它 [C:\Company\PHStatistics.portal\source\portal\Portal\Portal.csproj]
C:\Company\PHStatistics.portal\source\portal\Portal\Controllers\HomeController.cs(2124,29): warning CS0219: 已指派變數 'count'，但是從未使用過它的值 [C:\Company\PHStatistics.portal\source\portal\Portal\Portal.csproj]
C:\Company\PHStatistics.portal\source\portal\Portal\Controllers\HomeController.cs(2321,39): warning CS0168: 已宣告變數 'fe'，但從未使用過它 [C:\Company\PHStatistics.portal\source\portal\Portal\Portal.csproj]
C:\Company\PHStatistics.portal\source\portal\Portal\Controllers\HomeController.cs(2690,66): warning CS0168: 已宣告變數 'ex'，但從未使用過它 [C:\Company\PHStatistics.portal\source\portal\Portal\Portal.csproj]
C:\Company\PHStatistics.portal\source\portal\Portal\Controllers\HomeController.cs(2343,29): warning CS0219: 已指派變數 'count'，但是從未使用過它的值 [C:\Company\PHStatistics.portal\source\portal\Portal\Portal.csproj]
C:\Company\PHStatistics.portal\source\portal\Portal\Controllers\HomeController.cs(2754,39): warning CS0168: 已宣告變數 'fe'，但從未使用過它 [C:\Company\PHStatistics.portal\source\portal\Portal\Portal.csproj]
C:\Company\PHStatistics.portal\source\portal\Portal\Controllers\HomeController.cs(3194,66): warning CS0168: 已宣告變數 'ex'，但從未使用過它 [C:\Company\PHStatistics.portal\source\portal\Portal\Portal.csproj]
C:\Company\PHStatistics.portal\source\portal\Portal\Controllers\HomeController.cs(2776,29): warning CS0219: 已指派變數 'count'，但是從未使用過它的值 [C:\Company\PHStatistics.portal\source\portal\Portal\Portal.csproj]
C:\Company\PHStatistics.portal\source\portal\Portal\Controllers\HomeController.cs(3258,39): warning CS0168: 已宣告變數 'fe'，但從未使用過它 [C:\Company\PHStatistics.portal\source\portal\Portal\Portal.csproj]
C:\Company\PHStatistics.portal\source\portal\Portal\Controllers\StudentPopulationController.cs(1698,34): warning CS0168: 已宣告變數 'ex'，但從未使用過它 [C:\Company\PHStatistics.portal\source\portal\Portal\Portal.csproj]
C:\Company\PHStatistics.portal\source\portal\Portal\Controllers\StudentPopulationController.cs(1746,34): warning CS0168: 已宣告變數 'ex'，但從未使用過它 [C:\Company\PHStatistics.portal\source\portal\Portal\Portal.csproj]
C:\Company\PHStatistics.portal\source\portal\Portal\Controllers\StudentPopulationController.cs(1376,17): warning CS0219: 已指派變數 'eNCount'，但是從未使用過它的值 [C:\Company\PHStatistics.portal\source\portal\Portal\Portal.csproj]
C:\Company\PHStatistics.portal\source\portal\Portal\Controllers\StudentPopulationController.cs(1377,17): warning CS0219: 已指派變數 'eNLastCount'，但是從未使用過它的值 [C:\Company\PHStatistics.portal\source\portal\Portal\Portal.csproj]
C:\Company\PHStatistics.portal\source\portal\Portal\Controllers\StudentPopulationController.cs(1378,17): warning CS0219: 已指派變數 'chCount'，但是從未使用過它的值 [C:\Company\PHStatistics.portal\source\portal\Portal\Portal.csproj]
C:\Company\PHStatistics.portal\source\portal\Portal\Controllers\StudentPopulationController.cs(1379,17): warning CS0219: 已指派變數 'chLastCount'，但是從未使用過它的值 [C:\Company\PHStatistics.portal\source\portal\Portal\Portal.csproj]
C:\Company\PHStatistics.portal\source\portal\Portal\Controllers\HomeController.cs(4063,19): warning CS8632: 可為 Null 的參考型別註釋應只用於 '#nullable' 註釋內容中的程式碼。 [C:\Company\PHStatistics.portal\source\portal\Portal\Portal.csproj]
C:\Company\PHStatistics.portal\source\portal\Portal\Controllers\HomeController.cs(4071,19): warning CS8632: 可為 Null 的參考型別註釋應只用於 '#nullable' 註釋內容中的程式碼。 [C:\Company\PHStatistics.portal\source\portal\Portal\Portal.csproj]
C:\Company\PHStatistics.portal\source\portal\Portal\Controllers\HomeController.cs(4116,42): warning CS0168: 已宣告變數 'ex'，但從未使用過它 [C:\Company\PHStatistics.portal\source\portal\Portal\Portal.csproj]
  Portal -> C:\Company\PHStatistics.portal\binary\Debug\net8.0\PHStatistics.Portal.dll

建置成功。

C:\Company\PHStatistics.portal\source\schema\Data\Content\Region.cs(24,26): warning CS1591: 遺漏公用可見類型或成員 'Region.CreatedTime' 的 XML 註解 [C:\Company\PHStatistics.portal\source\schema\Data\Data.csproj]
C:\Company\PHStatistics.portal\source\schema\Data\Content\Region.cs(27,26): warning CS1591: 遺漏公用可見類型或成員 'Region.UpdatedTime' 的 XML 註解 [C:\Company\PHStatistics.portal\source\schema\Data\Data.csproj]
C:\Company\PHStatistics.portal\source\schema\Data\Content\Region.cs(30,25): warning CS1591: 遺漏公用可見類型或成員 'Region.DataMode' 的 XML 註解 [C:\Company\PHStatistics.portal\source\schema\Data\Data.csproj]
C:\Company\PHStatistics.portal\source\schema\Data\ImportRow\ImportRow.cs(18,16): warning CS1591: 遺漏公用可見類型或成員 'ImportRow.ImportRow()' 的 XML 註解 [C:\Company\PHStatistics.portal\source\schema\Data\Data.csproj]
C:\Company\PHStatistics.portal\source\portal\Portal\Views\Shared\_Header.cshtml(8,9): warning CS0219: 已指派變數 'index'，但是從未使用過它的值 [C:\Company\PHStatistics.portal\source\portal\Portal\Portal.csproj]
C:\Company\PHStatistics.portal\source\portal\Portal\Controllers\StudentPopulationController.cs(130,30): warning CS0168: 已宣告變數 'ex'，但從未使用過它 [C:\Company\PHStatistics.portal\source\portal\Portal\Portal.csproj]
C:\Company\PHStatistics.portal\source\portal\Portal\Controllers\StudentPopulationController.cs(149,30): warning CS0168: 已宣告變數 'ex'，但從未使用過它 [C:\Company\PHStatistics.portal\source\portal\Portal\Portal.csproj]
C:\Company\PHStatistics.portal\source\portal\Portal\Views\StudentPopulation\CreateASPopulation.cshtml(113,25): warning CS0219: 已指派變數 'itemRowNo'，但是從未使用過它的值 [C:\Company\PHStatistics.portal\source\portal\Portal\Portal.csproj]
C:\Company\PHStatistics.portal\source\portal\Portal\Views\StudentPopulation\CreateGeptPopulation.cshtml(113,25): warning CS0219: 已指派變數 'itemRowNo'，但是從未使用過它的值 [C:\Company\PHStatistics.portal\source\portal\Portal\Portal.csproj]
C:\Company\PHStatistics.portal\source\portal\Portal\Views\StudentPopulation\CreatePSJPopulation.cshtml(116,25): warning CS0219: 已指派變數 'itemRowNo'，但是從未使用過它的值 [C:\Company\PHStatistics.portal\source\portal\Portal\Portal.csproj]
C:\Company\PHStatistics.portal\source\portal\Portal\Views\StudentPopulation\CreatePopulation.cshtml(125,25): warning CS0219: 已指派變數 'itemRowNo'，但是從未使用過它的值 [C:\Company\PHStatistics.portal\source\portal\Portal\Portal.csproj]
C:\Company\PHStatistics.portal\source\portal\Portal\Views\StudentPopulation\CreatePSPopulation.cshtml(113,25): warning CS0219: 已指派變數 'itemRowNo'，但是從未使用過它的值 [C:\Company\PHStatistics.portal\source\portal\Portal\Portal.csproj]
C:\Company\PHStatistics.portal\source\portal\Portal\Controllers\HomeController.cs(186,50): warning CS0168: 已宣告變數 'ex'，但從未使用過它 [C:\Company\PHStatistics.portal\source\portal\Portal\Portal.csproj]
C:\Company\PHStatistics.portal\source\portal\Portal\Controllers\HomeController.cs(396,49): warning CS0219: 已指派變數 'checkCount'，但是從未使用過它的值 [C:\Company\PHStatistics.portal\source\portal\Portal\Portal.csproj]
C:\Company\PHStatistics.portal\source\portal\Portal\Controllers\HomeController.cs(150,36): warning CS0219: 已指派變數 'year'，但是從未使用過它的值 [C:\Company\PHStatistics.portal\source\portal\Portal\Portal.csproj]
C:\Company\PHStatistics.portal\source\portal\Portal\Controllers\HomeController.cs(161,37): warning CS0219: 已指派變數 'pics'，但是從未使用過它的值 [C:\Company\PHStatistics.portal\source\portal\Portal\Portal.csproj]
C:\Company\PHStatistics.portal\source\portal\Portal\Controllers\HomeController.cs(286,34): warning CS0219: 已指派變數 'isNew'，但是從未使用過它的值 [C:\Company\PHStatistics.portal\source\portal\Portal\Portal.csproj]
C:\Company\PHStatistics.portal\source\portal\Portal\Controllers\HomeController.cs(602,29): warning CS0219: 已指派變數 'pics'，但是從未使用過它的值 [C:\Company\PHStatistics.portal\source\portal\Portal\Portal.csproj]
C:\Company\PHStatistics.portal\source\portal\Portal\Controllers\HomeController.cs(644,30): warning CS0168: 已宣告變數 'ex'，但從未使用過它 [C:\Company\PHStatistics.portal\source\portal\Portal\Portal.csproj]
C:\Company\PHStatistics.portal\source\portal\Portal\Controllers\HomeController.cs(668,29): warning CS0219: 已指派變數 'count'，但是從未使用過它的值 [C:\Company\PHStatistics.portal\source\portal\Portal\Portal.csproj]
C:\Company\PHStatistics.portal\source\portal\Portal\Controllers\HomeController.cs(914,39): warning CS0168: 已宣告變數 'fe'，但從未使用過它 [C:\Company\PHStatistics.portal\source\portal\Portal\Portal.csproj]
C:\Company\PHStatistics.portal\source\portal\Portal\Controllers\HomeController.cs(935,29): warning CS0219: 已指派變數 'count'，但是從未使用過它的值 [C:\Company\PHStatistics.portal\source\portal\Portal\Portal.csproj]
C:\Company\PHStatistics.portal\source\portal\Portal\Controllers\HomeController.cs(1021,39): warning CS0168: 已宣告變數 'fe'，但從未使用過它 [C:\Company\PHStatistics.portal\source\portal\Portal\Portal.csproj]
C:\Company\PHStatistics.portal\source\portal\Portal\Controllers\HomeController.cs(1085,33): warning CS0219: 已指派變數 'departmentOrdinal'，但是從未使用過它的值 [C:\Company\PHStatistics.portal\source\portal\Portal\Portal.csproj]
C:\Company\PHStatistics.portal\source\portal\Portal\Controllers\HomeController.cs(1086,33): warning CS0219: 已指派變數 'courseOrdinal'，但是從未使用過它的值 [C:\Company\PHStatistics.portal\source\portal\Portal\Portal.csproj]
C:\Company\PHStatistics.portal\source\portal\Portal\Controllers\HomeController.cs(1043,29): warning CS0219: 已指派變數 'count'，但是從未使用過它的值 [C:\Company\PHStatistics.portal\source\portal\Portal\Portal.csproj]
C:\Company\PHStatistics.portal\source\portal\Portal\Controllers\HomeController.cs(1141,39): warning CS0168: 已宣告變數 'fe'，但從未使用過它 [C:\Company\PHStatistics.portal\source\portal\Portal\Portal.csproj]
C:\Company\PHStatistics.portal\source\portal\Portal\Controllers\HomeController.cs(1226,29): warning CS0219: 已指派變數 'count'，但是從未使用過它的值 [C:\Company\PHStatistics.portal\source\portal\Portal\Portal.csproj]
C:\Company\PHStatistics.portal\source\portal\Portal\Controllers\HomeController.cs(1283,39): warning CS0168: 已宣告變數 'fe'，但從未使用過它 [C:\Company\PHStatistics.portal\source\portal\Portal\Portal.csproj]
C:\Company\PHStatistics.portal\source\portal\Portal\Controllers\HomeController.cs(1313,39): warning CS0168: 已宣告變數 'fe'，但從未使用過它 [C:\Company\PHStatistics.portal\source\portal\Portal\Portal.csproj]
C:\Company\PHStatistics.portal\source\portal\Portal\Controllers\HomeController.cs(1338,29): warning CS0219: 已指派變數 'count'，但是從未使用過它的值 [C:\Company\PHStatistics.portal\source\portal\Portal\Portal.csproj]
C:\Company\PHStatistics.portal\source\portal\Portal\Controllers\HomeController.cs(1342,32): warning CS0219: 已指派變數 'year'，但是從未使用過它的值 [C:\Company\PHStatistics.portal\source\portal\Portal\Portal.csproj]
C:\Company\PHStatistics.portal\source\portal\Portal\Controllers\HomeController.cs(1343,29): warning CS0219: 已指派變數 'yearInt'，但是從未使用過它的值 [C:\Company\PHStatistics.portal\source\portal\Portal\Portal.csproj]
C:\Company\PHStatistics.portal\source\portal\Portal\Controllers\HomeController.cs(1348,33): warning CS0219: 已指派變數 'pics'，但是從未使用過它的值 [C:\Company\PHStatistics.portal\source\portal\Portal\Portal.csproj]
C:\Company\PHStatistics.portal\source\portal\Portal\Controllers\HomeController.cs(1553,39): warning CS0168: 已宣告變數 'fe'，但從未使用過它 [C:\Company\PHStatistics.portal\source\portal\Portal\Portal.csproj]
C:\Company\PHStatistics.portal\source\portal\Portal\Controllers\HomeController.cs(1723,66): warning CS0168: 已宣告變數 'ex'，但從未使用過它 [C:\Company\PHStatistics.portal\source\portal\Portal\Portal.csproj]
C:\Company\PHStatistics.portal\source\portal\Portal\Controllers\HomeController.cs(1793,70): warning CS0168: 已宣告變數 'ex'，但從未使用過它 [C:\Company\PHStatistics.portal\source\portal\Portal\Portal.csproj]
C:\Company\PHStatistics.portal\source\portal\Portal\Controllers\HomeController.cs(1577,29): warning CS0219: 已指派變數 'count'，但是從未使用過它的值 [C:\Company\PHStatistics.portal\source\portal\Portal\Portal.csproj]
C:\Company\PHStatistics.portal\source\portal\Portal\Controllers\HomeController.cs(1827,39): warning CS0168: 已宣告變數 'fe'，但從未使用過它 [C:\Company\PHStatistics.portal\source\portal\Portal\Portal.csproj]
C:\Company\PHStatistics.portal\source\portal\Portal\Controllers\HomeController.cs(1848,29): warning CS0219: 已指派變數 'count'，但是從未使用過它的值 [C:\Company\PHStatistics.portal\source\portal\Portal\Portal.csproj]
C:\Company\PHStatistics.portal\source\portal\Portal\Controllers\HomeController.cs(2102,39): warning CS0168: 已宣告變數 'fe'，但從未使用過它 [C:\Company\PHStatistics.portal\source\portal\Portal\Portal.csproj]
C:\Company\PHStatistics.portal\source\portal\Portal\Controllers\HomeController.cs(2258,66): warning CS0168: 已宣告變數 'ex'，但從未使用過它 [C:\Company\PHStatistics.portal\source\portal\Portal\Portal.csproj]
C:\Company\PHStatistics.portal\source\portal\Portal\Controllers\HomeController.cs(2124,29): warning CS0219: 已指派變數 'count'，但是從未使用過它的值 [C:\Company\PHStatistics.portal\source\portal\Portal\Portal.csproj]
C:\Company\PHStatistics.portal\source\portal\Portal\Controllers\HomeController.cs(2321,39): warning CS0168: 已宣告變數 'fe'，但從未使用過它 [C:\Company\PHStatistics.portal\source\portal\Portal\Portal.csproj]
C:\Company\PHStatistics.portal\source\portal\Portal\Controllers\HomeController.cs(2690,66): warning CS0168: 已宣告變數 'ex'，但從未使用過它 [C:\Company\PHStatistics.portal\source\portal\Portal\Portal.csproj]
C:\Company\PHStatistics.portal\source\portal\Portal\Controllers\HomeController.cs(2343,29): warning CS0219: 已指派變數 'count'，但是從未使用過它的值 [C:\Company\PHStatistics.portal\source\portal\Portal\Portal.csproj]
C:\Company\PHStatistics.portal\source\portal\Portal\Controllers\HomeController.cs(2754,39): warning CS0168: 已宣告變數 'fe'，但從未使用過它 [C:\Company\PHStatistics.portal\source\portal\Portal\Portal.csproj]
C:\Company\PHStatistics.portal\source\portal\Portal\Controllers\HomeController.cs(3194,66): warning CS0168: 已宣告變數 'ex'，但從未使用過它 [C:\Company\PHStatistics.portal\source\portal\Portal\Portal.csproj]
C:\Company\PHStatistics.portal\source\portal\Portal\Controllers\HomeController.cs(2776,29): warning CS0219: 已指派變數 'count'，但是從未使用過它的值 [C:\Company\PHStatistics.portal\source\portal\Portal\Portal.csproj]
C:\Company\PHStatistics.portal\source\portal\Portal\Controllers\HomeController.cs(3258,39): warning CS0168: 已宣告變數 'fe'，但從未使用過它 [C:\Company\PHStatistics.portal\source\portal\Portal\Portal.csproj]
C:\Company\PHStatistics.portal\source\portal\Portal\Controllers\StudentPopulationController.cs(1698,34): warning CS0168: 已宣告變數 'ex'，但從未使用過它 [C:\Company\PHStatistics.portal\source\portal\Portal\Portal.csproj]
C:\Company\PHStatistics.portal\source\portal\Portal\Controllers\StudentPopulationController.cs(1746,34): warning CS0168: 已宣告變數 'ex'，但從未使用過它 [C:\Company\PHStatistics.portal\source\portal\Portal\Portal.csproj]
C:\Company\PHStatistics.portal\source\portal\Portal\Controllers\StudentPopulationController.cs(1376,17): warning CS0219: 已指派變數 'eNCount'，但是從未使用過它的值 [C:\Company\PHStatistics.portal\source\portal\Portal\Portal.csproj]
C:\Company\PHStatistics.portal\source\portal\Portal\Controllers\StudentPopulationController.cs(1377,17): warning CS0219: 已指派變數 'eNLastCount'，但是從未使用過它的值 [C:\Company\PHStatistics.portal\source\portal\Portal\Portal.csproj]
C:\Company\PHStatistics.portal\source\portal\Portal\Controllers\StudentPopulationController.cs(1378,17): warning CS0219: 已指派變數 'chCount'，但是從未使用過它的值 [C:\Company\PHStatistics.portal\source\portal\Portal\Portal.csproj]
C:\Company\PHStatistics.portal\source\portal\Portal\Controllers\StudentPopulationController.cs(1379,17): warning CS0219: 已指派變數 'chLastCount'，但是從未使用過它的值 [C:\Company\PHStatistics.portal\source\portal\Portal\Portal.csproj]
C:\Company\PHStatistics.portal\source\portal\Portal\Controllers\HomeController.cs(4063,19): warning CS8632: 可為 Null 的參考型別註釋應只用於 '#nullable' 註釋內容中的程式碼。 [C:\Company\PHStatistics.portal\source\portal\Portal\Portal.csproj]
C:\Company\PHStatistics.portal\source\portal\Portal\Controllers\HomeController.cs(4071,19): warning CS8632: 可為 Null 的參考型別註釋應只用於 '#nullable' 註釋內容中的程式碼。 [C:\Company\PHStatistics.portal\source\portal\Portal\Portal.csproj]
C:\Company\PHStatistics.portal\source\portal\Portal\Controllers\HomeController.cs(4116,42): warning CS0168: 已宣告變數 'ex'，但從未使用過它 [C:\Company\PHStatistics.portal\source\portal\Portal\Portal.csproj]
    59 個警告
    0 個錯誤

經過時間 00:00:05.15
