2025-11-09 22:19:23.2461[11]  INFO HomeController  進入首頁 IsGuest:True IsAuthenticated:True
2025-11-09 22:19:23.2461[11]  INFO HomeController  進入首頁 讀取 Session account: login:
2025-11-09 22:19:23.3996[9]  INFO MemberController  Member Login account: password: 
2025-11-09 22:20:14.6731[19] ERROR HomeController  The process cannot access the file 'C:\Users\hound\Downloads\人數表系統\20251108\17\2025 07(全國人數表第17週)-英檢.xlsx' because it is being used by another process.
System.IO.IOException: The process cannot access the file 'C:\Users\hound\Downloads\人數表系統\20251108\17\2025 07(全國人數表第17週)-英檢.xlsx' because it is being used by another process.
   at Microsoft.Win32.SafeHandles.SafeFileHandle.CreateFile(String fullPath, FileMode mode, FileAccess access, FileShare share, FileOptions options)
   at Microsoft.Win32.SafeHandles.SafeFileHandle.Open(String fullPath, FileMode mode, FileAccess access, FileShare share, FileOptions options, Int64 preallocationSize, Nullable`1 unixCreateMode)
   at System.IO.Strategies.OSFileStreamStrategy..ctor(String path, FileMode mode, FileAccess access, FileShare share, FileOptions options, Int64 preallocationSize, Nullable`1 unixCreateMode)
   at System.IO.Strategies.FileStreamHelpers.ChooseStrategyCore(String path, FileMode mode, FileAccess access, FileShare share, FileOptions options, Int64 preallocationSize, Nullable`1 unixCreateMode)
   at System.IO.FileStream..ctor(String path, FileMode mode, FileAccess access)
   at PHStatistics.Portal.Controllers.HomeController.ImportGEPT() in C:\Company\PHStatistics.portal\source\portal\Portal\Controllers\HomeController.cs:line 1839
2025-11-09 22:24:32.8802[15]  INFO HomeController  進入首頁 IsGuest:True IsAuthenticated:True
2025-11-09 22:24:32.8884[15]  INFO HomeController  進入首頁 讀取 Session account: login:
2025-11-09 22:24:32.9724[17]  INFO MemberController  Member Login account: password: 
2025-11-09 22:29:21.2918[11]  INFO HomeController  進入首頁 IsGuest:True IsAuthenticated:True
2025-11-09 22:29:21.2918[11]  INFO HomeController  進入首頁 讀取 Session account: login:
2025-11-09 22:29:21.3782[20]  INFO MemberController  Member Login account: password: 
2025-11-09 22:29:53.9566[16] ERROR HomeController  匯入EXCEL錯誤Index was out of range. Must be non-negative and less than the size of the collection. (Parameter 'index')
2025-11-09 22:30:09.2424[16] ERROR HomeController  匯入EXCEL錯誤Index was out of range. Must be non-negative and less than the size of the collection. (Parameter 'index')
2025-11-09 22:30:13.1067[16] ERROR HomeController  匯入EXCEL錯誤Index was out of range. Must be non-negative and less than the size of the collection. (Parameter 'index')
2025-11-09 22:31:16.4082[16] ERROR HomeController  匯入EXCEL錯誤Index was out of range. Must be non-negative and less than the size of the collection. (Parameter 'index')
2025-11-09 22:31:16.7483[16] ERROR HomeController  匯入EXCEL錯誤Index was out of range. Must be non-negative and less than the size of the collection. (Parameter 'index')
2025-11-09 22:31:24.7767[16] ERROR HomeController  匯入EXCEL錯誤Index was out of range. Must be non-negative and less than the size of the collection. (Parameter 'index')
2025-11-09 22:31:25.9954[16] ERROR HomeController  匯入EXCEL錯誤Index was out of range. Must be non-negative and less than the size of the collection. (Parameter 'index')
2025-11-09 22:31:26.8969[16] ERROR HomeController  匯入EXCEL錯誤Index was out of range. Must be non-negative and less than the size of the collection. (Parameter 'index')
2025-11-09 22:31:27.2175[16] ERROR HomeController  匯入EXCEL錯誤Index was out of range. Must be non-negative and less than the size of the collection. (Parameter 'index')
2025-11-09 22:31:27.9861[16] ERROR HomeController  匯入EXCEL錯誤Index was out of range. Must be non-negative and less than the size of the collection. (Parameter 'index')
2025-11-09 22:31:36.3469[16] ERROR HomeController  匯入EXCEL錯誤Index was out of range. Must be non-negative and less than the size of the collection. (Parameter 'index')
2025-11-09 22:31:36.6146[16] ERROR HomeController  匯入EXCEL錯誤Index was out of range. Must be non-negative and less than the size of the collection. (Parameter 'index')
2025-11-09 22:31:36.9141[16] ERROR HomeController  匯入EXCEL錯誤Index was out of range. Must be non-negative and less than the size of the collection. (Parameter 'index')
2025-11-09 22:31:37.3230[16] ERROR HomeController  匯入EXCEL錯誤Index was out of range. Must be non-negative and less than the size of the collection. (Parameter 'index')
2025-11-09 22:31:37.7122[16] ERROR HomeController  匯入EXCEL錯誤Index was out of range. Must be non-negative and less than the size of the collection. (Parameter 'index')
2025-11-09 22:31:38.0377[16] ERROR HomeController  匯入EXCEL錯誤Index was out of range. Must be non-negative and less than the size of the collection. (Parameter 'index')
2025-11-09 22:31:38.4330[16] ERROR HomeController  匯入EXCEL錯誤Index was out of range. Must be non-negative and less than the size of the collection. (Parameter 'index')
2025-11-09 22:31:38.8274[16] ERROR HomeController  匯入EXCEL錯誤Index was out of range. Must be non-negative and less than the size of the collection. (Parameter 'index')
2025-11-09 22:31:39.2556[16] ERROR HomeController  匯入EXCEL錯誤Index was out of range. Must be non-negative and less than the size of the collection. (Parameter 'index')
2025-11-09 22:31:39.7234[16] ERROR HomeController  匯入EXCEL錯誤Index was out of range. Must be non-negative and less than the size of the collection. (Parameter 'index')
2025-11-09 22:31:40.2002[16] ERROR HomeController  匯入EXCEL錯誤Index was out of range. Must be non-negative and less than the size of the collection. (Parameter 'index')
2025-11-09 22:31:40.5596[16] ERROR HomeController  匯入EXCEL錯誤Index was out of range. Must be non-negative and less than the size of the collection. (Parameter 'index')
2025-11-09 22:31:40.9738[16] ERROR HomeController  匯入EXCEL錯誤Index was out of range. Must be non-negative and less than the size of the collection. (Parameter 'index')
2025-11-09 22:31:41.3710[16] ERROR HomeController  匯入EXCEL錯誤Index was out of range. Must be non-negative and less than the size of the collection. (Parameter 'index')
2025-11-09 22:31:41.7246[16] ERROR HomeController  匯入EXCEL錯誤Index was out of range. Must be non-negative and less than the size of the collection. (Parameter 'index')
2025-11-09 22:31:42.1028[16] ERROR HomeController  匯入EXCEL錯誤Index was out of range. Must be non-negative and less than the size of the collection. (Parameter 'index')
2025-11-09 22:32:27.2536[31] ERROR HomeController  匯入EXCEL錯誤Index was out of range. Must be non-negative and less than the size of the collection. (Parameter 'index')
2025-11-09 22:32:28.5626[31] ERROR HomeController  匯入EXCEL錯誤Index was out of range. Must be non-negative and less than the size of the collection. (Parameter 'index')
2025-11-09 22:32:29.4714[31] ERROR HomeController  匯入EXCEL錯誤Index was out of range. Must be non-negative and less than the size of the collection. (Parameter 'index')
2025-11-09 22:32:35.9649[31] ERROR HomeController  匯入EXCEL錯誤Index was out of range. Must be non-negative and less than the size of the collection. (Parameter 'index')
2025-11-09 22:32:36.2139[31] ERROR HomeController  匯入EXCEL錯誤Index was out of range. Must be non-negative and less than the size of the collection. (Parameter 'index')
2025-11-09 22:32:36.5895[31] ERROR HomeController  匯入EXCEL錯誤Index was out of range. Must be non-negative and less than the size of the collection. (Parameter 'index')
2025-11-09 22:32:36.8810[31] ERROR HomeController  匯入EXCEL錯誤Index was out of range. Must be non-negative and less than the size of the collection. (Parameter 'index')
2025-11-09 22:32:37.2438[31] ERROR HomeController  匯入EXCEL錯誤Index was out of range. Must be non-negative and less than the size of the collection. (Parameter 'index')
2025-11-09 22:32:37.5491[31] ERROR HomeController  匯入EXCEL錯誤Index was out of range. Must be non-negative and less than the size of the collection. (Parameter 'index')
2025-11-09 22:32:37.8139[31] ERROR HomeController  匯入EXCEL錯誤Index was out of range. Must be non-negative and less than the size of the collection. (Parameter 'index')
2025-11-09 22:32:38.1026[31] ERROR HomeController  匯入EXCEL錯誤Index was out of range. Must be non-negative and less than the size of the collection. (Parameter 'index')
2025-11-09 22:32:38.3907[31] ERROR HomeController  匯入EXCEL錯誤Index was out of range. Must be non-negative and less than the size of the collection. (Parameter 'index')
2025-11-09 22:32:38.7417[31] ERROR HomeController  匯入EXCEL錯誤Index was out of range. Must be non-negative and less than the size of the collection. (Parameter 'index')
2025-11-09 22:32:39.0353[31] ERROR HomeController  匯入EXCEL錯誤Index was out of range. Must be non-negative and less than the size of the collection. (Parameter 'index')
2025-11-09 22:32:39.2714[31] ERROR HomeController  匯入EXCEL錯誤Index was out of range. Must be non-negative and less than the size of the collection. (Parameter 'index')
2025-11-09 22:32:39.5029[31] ERROR HomeController  匯入EXCEL錯誤Index was out of range. Must be non-negative and less than the size of the collection. (Parameter 'index')
2025-11-09 22:32:39.7573[31] ERROR HomeController  匯入EXCEL錯誤Index was out of range. Must be non-negative and less than the size of the collection. (Parameter 'index')
2025-11-09 22:32:40.0362[31] ERROR HomeController  匯入EXCEL錯誤Index was out of range. Must be non-negative and less than the size of the collection. (Parameter 'index')
2025-11-09 22:32:40.3048[31] ERROR HomeController  匯入EXCEL錯誤Index was out of range. Must be non-negative and less than the size of the collection. (Parameter 'index')
2025-11-09 22:32:40.5181[31] ERROR HomeController  匯入EXCEL錯誤Index was out of range. Must be non-negative and less than the size of the collection. (Parameter 'index')
2025-11-09 22:32:40.7264[31] ERROR HomeController  匯入EXCEL錯誤Index was out of range. Must be non-negative and less than the size of the collection. (Parameter 'index')
2025-11-09 22:32:40.9380[31] ERROR HomeController  匯入EXCEL錯誤Index was out of range. Must be non-negative and less than the size of the collection. (Parameter 'index')
2025-11-09 22:32:41.1575[31] ERROR HomeController  匯入EXCEL錯誤Index was out of range. Must be non-negative and less than the size of the collection. (Parameter 'index')
2025-11-09 22:32:41.3653[31] ERROR HomeController  匯入EXCEL錯誤Index was out of range. Must be non-negative and less than the size of the collection. (Parameter 'index')
2025-11-09 22:32:41.5731[31] ERROR HomeController  匯入EXCEL錯誤Index was out of range. Must be non-negative and less than the size of the collection. (Parameter 'index')
2025-11-09 22:32:41.7861[31] ERROR HomeController  匯入EXCEL錯誤Index was out of range. Must be non-negative and less than the size of the collection. (Parameter 'index')
2025-11-09 22:32:52.2346[33] ERROR HomeController  匯入EXCEL錯誤Index was out of range. Must be non-negative and less than the size of the collection. (Parameter 'index')
2025-11-09 22:32:53.2080[33] ERROR HomeController  匯入EXCEL錯誤Index was out of range. Must be non-negative and less than the size of the collection. (Parameter 'index')
2025-11-09 22:32:54.1530[33] ERROR HomeController  匯入EXCEL錯誤Index was out of range. Must be non-negative and less than the size of the collection. (Parameter 'index')
2025-11-09 22:32:55.0957[33] ERROR HomeController  匯入EXCEL錯誤Index was out of range. Must be non-negative and less than the size of the collection. (Parameter 'index')
2025-11-09 22:38:15.7381[13]  INFO HomeController  進入首頁 IsGuest:True IsAuthenticated:True
2025-11-09 22:38:15.7455[13]  INFO HomeController  進入首頁 讀取 Session account: login:
2025-11-09 22:38:15.8549[17]  INFO MemberController  Member Login account: password: 
2025-11-09 22:38:21.1320[13] ERROR HomeController  匯入EXCEL錯誤Index was out of range. Must be non-negative and less than the size of the collection. (Parameter 'index')
2025-11-09 22:38:29.2187[13] ERROR HomeController  匯入EXCEL錯誤Index was out of range. Must be non-negative and less than the size of the collection. (Parameter 'index')
2025-11-09 22:38:29.4692[13] ERROR HomeController  匯入EXCEL錯誤Index was out of range. Must be non-negative and less than the size of the collection. (Parameter 'index')
2025-11-09 22:38:29.7945[13] ERROR HomeController  匯入EXCEL錯誤Index was out of range. Must be non-negative and less than the size of the collection. (Parameter 'index')
2025-11-09 22:38:30.3993[13] ERROR HomeController  匯入EXCEL錯誤Index was out of range. Must be non-negative and less than the size of the collection. (Parameter 'index')
2025-11-09 22:38:30.9530[13] ERROR HomeController  匯入EXCEL錯誤Index was out of range. Must be non-negative and less than the size of the collection. (Parameter 'index')
2025-11-09 22:38:31.2743[13] ERROR HomeController  匯入EXCEL錯誤Index was out of range. Must be non-negative and less than the size of the collection. (Parameter 'index')
2025-11-09 22:38:31.7323[13] ERROR HomeController  匯入EXCEL錯誤Index was out of range. Must be non-negative and less than the size of the collection. (Parameter 'index')
2025-11-09 22:38:32.2251[13] ERROR HomeController  匯入EXCEL錯誤Index was out of range. Must be non-negative and less than the size of the collection. (Parameter 'index')
2025-11-09 22:38:32.6361[13] ERROR HomeController  匯入EXCEL錯誤Index was out of range. Must be non-negative and less than the size of the collection. (Parameter 'index')
2025-11-09 22:38:33.0723[13] ERROR HomeController  匯入EXCEL錯誤Index was out of range. Must be non-negative and less than the size of the collection. (Parameter 'index')
2025-11-09 22:38:33.3367[13] ERROR HomeController  匯入EXCEL錯誤Index was out of range. Must be non-negative and less than the size of the collection. (Parameter 'index')
2025-11-09 22:38:33.7284[13] ERROR HomeController  匯入EXCEL錯誤Index was out of range. Must be non-negative and less than the size of the collection. (Parameter 'index')
2025-11-09 22:38:34.0968[13] ERROR HomeController  匯入EXCEL錯誤Index was out of range. Must be non-negative and less than the size of the collection. (Parameter 'index')
2025-11-09 22:38:34.3746[13] ERROR HomeController  匯入EXCEL錯誤Index was out of range. Must be non-negative and less than the size of the collection. (Parameter 'index')
2025-11-09 22:38:34.6945[13] ERROR HomeController  匯入EXCEL錯誤Index was out of range. Must be non-negative and less than the size of the collection. (Parameter 'index')
2025-11-09 22:38:34.9955[13] ERROR HomeController  匯入EXCEL錯誤Index was out of range. Must be non-negative and less than the size of the collection. (Parameter 'index')
2025-11-09 22:38:35.3331[13] ERROR HomeController  匯入EXCEL錯誤Index was out of range. Must be non-negative and less than the size of the collection. (Parameter 'index')
2025-11-09 22:38:35.5863[13] ERROR HomeController  匯入EXCEL錯誤Index was out of range. Must be non-negative and less than the size of the collection. (Parameter 'index')
2025-11-09 22:38:35.8508[13] ERROR HomeController  匯入EXCEL錯誤Index was out of range. Must be non-negative and less than the size of the collection. (Parameter 'index')
2025-11-09 22:38:36.1643[13] ERROR HomeController  匯入EXCEL錯誤Index was out of range. Must be non-negative and less than the size of the collection. (Parameter 'index')
2025-11-09 22:38:36.4785[13] ERROR HomeController  匯入EXCEL錯誤Index was out of range. Must be non-negative and less than the size of the collection. (Parameter 'index')
2025-11-09 22:38:36.9154[13] ERROR HomeController  匯入EXCEL錯誤Index was out of range. Must be non-negative and less than the size of the collection. (Parameter 'index')
2025-11-09 22:38:37.1832[13] ERROR HomeController  匯入EXCEL錯誤Index was out of range. Must be non-negative and less than the size of the collection. (Parameter 'index')
2025-11-09 22:38:37.4877[13] ERROR HomeController  匯入EXCEL錯誤Index was out of range. Must be non-negative and less than the size of the collection. (Parameter 'index')
2025-11-09 22:38:37.7704[13] ERROR HomeController  匯入EXCEL錯誤Index was out of range. Must be non-negative and less than the size of the collection. (Parameter 'index')
2025-11-09 22:47:27.9250[13]  INFO HomeController  進入首頁 IsGuest:True IsAuthenticated:True
2025-11-09 22:47:27.9314[13]  INFO HomeController  進入首頁 讀取 Session account: login:
2025-11-09 22:47:28.0041[17]  INFO MemberController  Member Login account: password: 
2025-11-09 22:51:50.0538[19] ERROR HomeController  匯入EXCEL錯誤An exception was thrown while attempting to evaluate a LINQ query parameter expression. See the inner exception for more information. To show additional information call 'DbContextOptionsBuilder.EnableSensitiveDataLogging'.
2025-11-09 22:51:50.0775[19] ERROR HomeController  匯入EXCEL錯誤An exception was thrown while attempting to evaluate a LINQ query parameter expression. See the inner exception for more information. To show additional information call 'DbContextOptionsBuilder.EnableSensitiveDataLogging'.
2025-11-09 22:53:38.0330[13]  INFO HomeController  進入首頁 IsGuest:True IsAuthenticated:True
2025-11-09 22:53:38.0402[13]  INFO HomeController  進入首頁 讀取 Session account: login:
2025-11-09 22:53:38.1069[9]  INFO MemberController  Member Login account: password: 
2025-11-09 23:07:39.2210[26] ERROR HomeController  匯入EXCEL錯誤Index was out of range. Must be non-negative and less than the size of the collection. (Parameter 'index')
2025-11-09 23:07:44.3043[26] ERROR HomeController  匯入EXCEL錯誤Index was out of range. Must be non-negative and less than the size of the collection. (Parameter 'index')
2025-11-09 23:07:48.5764[26] ERROR HomeController  匯入EXCEL錯誤Index was out of range. Must be non-negative and less than the size of the collection. (Parameter 'index')
2025-11-09 23:07:54.3613[26] ERROR HomeController  匯入EXCEL錯誤Index was out of range. Must be non-negative and less than the size of the collection. (Parameter 'index')
2025-11-09 23:07:58.5285[26] ERROR HomeController  匯入EXCEL錯誤Index was out of range. Must be non-negative and less than the size of the collection. (Parameter 'index')
2025-11-09 23:08:05.9138[26] ERROR HomeController  匯入EXCEL錯誤Index was out of range. Must be non-negative and less than the size of the collection. (Parameter 'index')
2025-11-09 23:08:09.9287[26] ERROR HomeController  匯入EXCEL錯誤Index was out of range. Must be non-negative and less than the size of the collection. (Parameter 'index')
2025-11-09 23:08:16.0873[26] ERROR HomeController  匯入EXCEL錯誤Index was out of range. Must be non-negative and less than the size of the collection. (Parameter 'index')
2025-11-09 23:08:21.6882[26] ERROR HomeController  匯入EXCEL錯誤Index was out of range. Must be non-negative and less than the size of the collection. (Parameter 'index')
2025-11-09 23:08:25.9745[26] ERROR HomeController  匯入EXCEL錯誤Index was out of range. Must be non-negative and less than the size of the collection. (Parameter 'index')
2025-11-09 23:08:30.5426[26] ERROR HomeController  匯入EXCEL錯誤Index was out of range. Must be non-negative and less than the size of the collection. (Parameter 'index')
2025-11-09 23:08:34.6899[26] ERROR HomeController  匯入EXCEL錯誤Index was out of range. Must be non-negative and less than the size of the collection. (Parameter 'index')
2025-11-09 23:08:40.9574[26] ERROR HomeController  匯入EXCEL錯誤Index was out of range. Must be non-negative and less than the size of the collection. (Parameter 'index')
2025-11-09 23:08:46.2539[26] ERROR HomeController  匯入EXCEL錯誤Index was out of range. Must be non-negative and less than the size of the collection. (Parameter 'index')
2025-11-09 23:08:50.6289[26] ERROR HomeController  匯入EXCEL錯誤Index was out of range. Must be non-negative and less than the size of the collection. (Parameter 'index')
2025-11-09 23:08:54.9831[26] ERROR HomeController  匯入EXCEL錯誤Index was out of range. Must be non-negative and less than the size of the collection. (Parameter 'index')
2025-11-09 23:09:00.5016[26] ERROR HomeController  匯入EXCEL錯誤Index was out of range. Must be non-negative and less than the size of the collection. (Parameter 'index')
2025-11-09 23:09:05.5575[26] ERROR HomeController  匯入EXCEL錯誤Index was out of range. Must be non-negative and less than the size of the collection. (Parameter 'index')
2025-11-09 23:09:09.9138[26] ERROR HomeController  匯入EXCEL錯誤Index was out of range. Must be non-negative and less than the size of the collection. (Parameter 'index')
2025-11-09 23:09:14.3075[26] ERROR HomeController  匯入EXCEL錯誤Index was out of range. Must be non-negative and less than the size of the collection. (Parameter 'index')
2025-11-09 23:09:19.0282[26] ERROR HomeController  匯入EXCEL錯誤Index was out of range. Must be non-negative and less than the size of the collection. (Parameter 'index')
2025-11-09 23:09:23.8502[26] ERROR HomeController  匯入EXCEL錯誤Index was out of range. Must be non-negative and less than the size of the collection. (Parameter 'index')
2025-11-09 23:09:29.4858[26] ERROR HomeController  匯入EXCEL錯誤Index was out of range. Must be non-negative and less than the size of the collection. (Parameter 'index')
2025-11-09 23:09:33.8419[26] ERROR HomeController  匯入EXCEL錯誤Index was out of range. Must be non-negative and less than the size of the collection. (Parameter 'index')
2025-11-09 23:09:38.4163[26] ERROR HomeController  匯入EXCEL錯誤Index was out of range. Must be non-negative and less than the size of the collection. (Parameter 'index')
2025-11-09 23:09:43.2350[26] ERROR HomeController  匯入EXCEL錯誤Index was out of range. Must be non-negative and less than the size of the collection. (Parameter 'index')
