2025-12-09 06:09:49.8507[15]  INFO HomeController  進入首頁 IsGuest:True IsAuthenticated:True
2025-12-09 06:09:49.8598[15]  INFO HomeController  進入首頁 讀取 Session account: login:
2025-12-09 06:09:49.9906[17]  INFO MemberController  Member Login account: password: 
2025-12-09 06:12:42.5087[27]  INFO MemberController  Member Login account:admin password:cloudfun 
2025-12-09 06:12:42.6139[27]  INFO MemberController  進行登入 
2025-12-09 06:12:42.7297[27]  INFO MemberController  進行登入完成 導入 /Index False 
2025-12-09 06:12:42.8247[27]  INFO HomeController  進入首頁 IsGuest:False IsAuthenticated:True
2025-12-09 06:12:42.8247[27]  INFO HomeController  進入首頁
2025-12-09 06:17:22.0987[20]  INFO HomeController  進入首頁 IsGuest:False IsAuthenticated:True
2025-12-09 06:17:22.0987[20]  INFO HomeController  進入首頁
2025-12-09 06:20:22.0991[40]  INFO HomeController  進入首頁 IsGuest:False IsAuthenticated:True
2025-12-09 06:20:22.0991[40]  INFO HomeController  進入首頁
2025-12-09 06:33:34.2013[11]  INFO HomeController  進入首頁 IsGuest:False IsAuthenticated:True
2025-12-09 06:33:34.2122[11]  INFO HomeController  進入首頁
2025-12-09 08:22:58.7142[15]  INFO HomeController  進入首頁 IsGuest:True IsAuthenticated:True
2025-12-09 08:22:58.7207[15]  INFO HomeController  進入首頁 讀取 Session account: login:
2025-12-09 08:22:58.7925[7]  INFO MemberController  Member Login account: password: 
2025-12-09 09:01:16.5910[15]  INFO HomeController  進入首頁 IsGuest:True IsAuthenticated:True
2025-12-09 09:01:16.5988[15]  INFO HomeController  進入首頁 讀取 Session account: login:
2025-12-09 09:01:16.6807[15]  INFO MemberController  Member Login account: password: 
2025-12-09 09:01:32.7142[21]  INFO MemberController  Member Login account:admin password:cloudfun 
2025-12-09 09:01:32.8132[21]  INFO MemberController  進行登入 
2025-12-09 09:01:32.9386[21]  INFO MemberController  進行登入完成 導入 /Index False 
2025-12-09 09:01:33.0292[11]  INFO HomeController  進入首頁 IsGuest:False IsAuthenticated:True
2025-12-09 09:01:33.0292[11]  INFO HomeController  進入首頁
