2025-06-15 23:09:55.9147[5]  INFO HomeController  進入首頁 IsGuest:True IsAuthenticated:True
2025-06-15 23:09:55.9236[5]  INFO HomeController  進入首頁 讀取 Session account: login:
2025-06-15 23:09:56.0282[19]  INFO MemberController  Member Login account: password: 
2025-06-15 23:12:37.0240[21]  INFO HomeController  進入首頁 IsGuest:True IsAuthenticated:True
2025-06-15 23:12:37.0240[21]  INFO HomeController  進入首頁 讀取 Session account: login:
2025-06-15 23:12:37.0344[39]  INFO MemberController  Member Login account: password: 
2025-06-15 23:12:51.6211[39]  INFO MemberController  Member Login account:admin password:cloudfun 
2025-06-15 23:13:04.2786[39]  INFO MemberController  Member Login account:admin password:cloudfun 
2025-06-15 23:13:49.3462[46]  INFO MemberController  Member Login account:neihu password:26271038 
2025-06-15 23:13:49.4154[46]  INFO MemberController  進行登入 
2025-06-15 23:13:49.4991[46]  INFO MemberController  進行登入完成 導入 /Index False 
2025-06-15 23:13:49.6662[48]  INFO HomeController  進入首頁 IsGuest:False IsAuthenticated:True
2025-06-15 23:13:49.6662[48]  INFO HomeController  進入首頁
2025-06-15 23:15:04.6533[11]  INFO HomeController  進入首頁 IsGuest:True IsAuthenticated:True
2025-06-15 23:15:04.6617[11]  INFO HomeController  進入首頁 讀取 Session account: login:
2025-06-15 23:15:04.7504[5]  INFO MemberController  Member Login account: password: 
2025-06-15 23:15:25.9512[18]  INFO MemberController  Member Login account:admin password:cloudfun 
2025-06-15 23:15:26.0113[18]  INFO MemberController  進行登入 
2025-06-15 23:15:26.1066[18]  INFO MemberController  進行登入完成 導入 /Index False 
2025-06-15 23:15:26.1662[5]  INFO HomeController  進入首頁 IsGuest:False IsAuthenticated:True
2025-06-15 23:15:26.1662[5]  INFO HomeController  進入首頁
2025-06-15 23:16:24.7331[20]  INFO HomeController  進入首頁 IsGuest:False IsAuthenticated:True
2025-06-15 23:16:24.7331[20]  INFO HomeController  進入首頁
2025-06-15 23:17:34.5046[14]  INFO HomeController  進入首頁 IsGuest:False IsAuthenticated:True
2025-06-15 23:17:34.5046[14]  INFO HomeController  進入首頁
2025-06-15 23:18:22.9646[11]  INFO HomeController  進入首頁 IsGuest:False IsAuthenticated:True
2025-06-15 23:18:22.9708[11]  INFO HomeController  進入首頁
2025-06-15 23:18:44.8423[5]  INFO HomeController  進入首頁 IsGuest:False IsAuthenticated:True
2025-06-15 23:18:44.8423[5]  INFO HomeController  進入首頁
2025-06-15 23:19:03.7206[3]  INFO HomeController  進入首頁 IsGuest:False IsAuthenticated:True
2025-06-15 23:19:03.7206[3]  INFO HomeController  進入首頁
2025-06-15 23:31:42.5979[11]  INFO HomeController  進入首頁 IsGuest:True IsAuthenticated:True
2025-06-15 23:31:42.5979[11]  INFO HomeController  進入首頁 讀取 Session account: login:
2025-06-15 23:31:42.7993[10]  INFO MemberController  Member Login account: password: 
2025-06-15 23:33:31.7042[14]  INFO HomeController  進入首頁 IsGuest:False IsAuthenticated:True
2025-06-15 23:33:31.7042[14]  INFO HomeController  進入首頁
