2025-11-03 18:09:17.2199[15]  INFO HomeController  進入首頁 IsGuest:True IsAuthenticated:True
2025-11-03 18:09:17.2273[15]  INFO HomeController  進入首頁 讀取 Session account: login:
2025-11-03 18:09:17.3273[7]  INFO MemberController  Member Login account: password: 
2025-11-03 18:09:45.9448[15]  INFO MemberController  Member Login account:admin password:cloudfun 
2025-11-03 18:09:46.0369[15]  INFO MemberController  進行登入 
2025-11-03 18:09:46.1456[15]  INFO MemberController  進行登入完成 導入 /Index False 
2025-11-03 18:09:46.2374[21]  INFO HomeController  進入首頁 IsGuest:False IsAuthenticated:True
2025-11-03 18:09:46.2374[21]  INFO HomeController  進入首頁
2025-11-03 18:13:52.3566[20]  INFO HomeController  進入首頁 IsGuest:False IsAuthenticated:True
2025-11-03 18:13:52.3566[20]  INFO HomeController  進入首頁
2025-11-03 18:15:12.7789[33]  INFO HomeController  進入首頁 IsGuest:False IsAuthenticated:True
2025-11-03 18:15:12.7789[33]  INFO HomeController  進入首頁
2025-11-03 18:21:11.1022[9]  INFO HomeController  進入首頁 IsGuest:False IsAuthenticated:True
2025-11-03 18:21:11.1108[9]  INFO HomeController  進入首頁
2025-11-03 18:31:42.5241[13]  INFO HomeController  進入首頁 IsGuest:False IsAuthenticated:True
2025-11-03 18:31:42.5241[13]  INFO HomeController  進入首頁
2025-11-03 18:43:00.9941[11]  INFO HomeController  進入首頁 IsGuest:True IsAuthenticated:True
2025-11-03 18:43:00.9941[11]  INFO HomeController  進入首頁 讀取 Session account: login:
2025-11-03 18:43:01.0760[18]  INFO MemberController  Member Login account: password: 
2025-11-03 18:44:01.7597[21]  INFO MemberController  Member Login account:admin password:cloudfun 
2025-11-03 18:44:01.8535[21]  INFO MemberController  進行登入 
2025-11-03 18:44:01.9966[21]  INFO MemberController  進行登入完成 導入 /Index False 
2025-11-03 18:44:02.1019[21]  INFO HomeController  進入首頁 IsGuest:False IsAuthenticated:True
2025-11-03 18:44:02.1019[21]  INFO HomeController  進入首頁
2025-11-03 18:51:47.4883[15]  INFO HomeController  進入首頁 IsGuest:False IsAuthenticated:True
2025-11-03 18:51:47.4883[15]  INFO HomeController  進入首頁
2025-11-03 18:54:32.0610[26]  INFO HomeController  進入首頁 IsGuest:False IsAuthenticated:True
2025-11-03 18:54:32.0610[26]  INFO HomeController  進入首頁
2025-11-03 18:58:02.5558[9]  INFO HomeController  進入首頁 IsGuest:False IsAuthenticated:True
2025-11-03 18:58:02.5648[9]  INFO HomeController  進入首頁
2025-11-03 18:59:18.4029[32]  INFO HomeController  進入首頁 IsGuest:False IsAuthenticated:True
2025-11-03 18:59:18.4029[32]  INFO HomeController  進入首頁
2025-11-03 19:07:45.7782[13]  INFO HomeController  進入首頁 IsGuest:False IsAuthenticated:True
2025-11-03 19:07:45.7872[13]  INFO HomeController  進入首頁
2025-11-03 19:10:57.0650[15]  INFO HomeController  進入首頁 IsGuest:False IsAuthenticated:True
2025-11-03 19:10:57.0650[15]  INFO HomeController  進入首頁
2025-11-03 19:11:29.3102[9]  INFO HomeController  進入首頁 IsGuest:False IsAuthenticated:True
2025-11-03 19:11:29.3102[9]  INFO HomeController  進入首頁
