2025-05-09 08:29:25.8445[14]  INFO HomeController  進入首頁 IsGuest:True IsAuthenticated:True
2025-05-09 08:29:25.8445[14]  INFO HomeController  進入首頁 讀取 Session account: login:
2025-05-09 08:29:25.9325[5]  INFO MemberController  Member Login account: password: 
2025-05-09 08:30:08.2874[20]  INFO MemberController  Member Login account:admin password:cloudfun 
2025-05-09 08:30:08.3351[20]  INFO MemberController  進行登入 
2025-05-09 08:30:08.4398[20]  INFO MemberController  進行登入完成 導入 /Index False 
2025-05-09 08:30:08.5276[27]  INFO HomeController  進入首頁 IsGuest:False IsAuthenticated:True
2025-05-09 08:30:08.5276[27]  INFO HomeController  進入首頁
2025-05-09 08:35:33.7385[7]  INFO HomeController  進入首頁 IsGuest:False IsAuthenticated:True
2025-05-09 08:35:33.7385[7]  INFO HomeController  進入首頁
2025-05-09 08:37:01.8729[28]  INFO HomeController  進入首頁 IsGuest:False IsAuthenticated:True
2025-05-09 08:37:01.8729[28]  INFO HomeController  進入首頁
2025-05-09 08:41:40.7494[11]  INFO HomeController  進入首頁 IsGuest:False IsAuthenticated:True
2025-05-09 08:41:40.7494[11]  INFO HomeController  進入首頁
2025-05-09 08:46:00.1521[5]  INFO HomeController  進入首頁 IsGuest:False IsAuthenticated:True
2025-05-09 08:46:00.1581[5]  INFO HomeController  進入首頁
2025-05-09 08:47:32.2530[11]  INFO HomeController  進入首頁 IsGuest:False IsAuthenticated:True
2025-05-09 08:47:32.2530[11]  INFO HomeController  進入首頁
2025-05-09 08:49:00.6098[11]  INFO HomeController  進入首頁 IsGuest:False IsAuthenticated:True
2025-05-09 08:49:00.6098[11]  INFO HomeController  進入首頁
2025-05-09 08:49:43.7668[11]  INFO HomeController  進入首頁 IsGuest:False IsAuthenticated:True
2025-05-09 08:49:43.7668[11]  INFO HomeController  進入首頁
2025-05-09 08:51:00.9923[11]  INFO HomeController  進入首頁 IsGuest:False IsAuthenticated:True
2025-05-09 08:51:00.9923[11]  INFO HomeController  進入首頁
2025-05-09 08:53:49.4997[10]  INFO HomeController  進入首頁 IsGuest:False IsAuthenticated:True
2025-05-09 08:53:49.4997[10]  INFO HomeController  進入首頁
2025-05-09 08:53:55.1689[5]  INFO StudentPopulationController  進入首頁(MainMenu)
2025-05-09 08:53:55.1689[5]  INFO StudentPopulationController  進入首頁確認使用者 User.IsGuest False User.Id 23858d7e-f622-4d15-4a74-08dc7a5137dd
2025-05-09 09:02:00.8607[11]  INFO HomeController  進入首頁 IsGuest:False IsAuthenticated:True
2025-05-09 09:02:00.8607[11]  INFO HomeController  進入首頁
2025-05-09 09:02:08.5845[16]  INFO StudentPopulationController  進入首頁(MainMenu)
2025-05-09 09:02:08.5845[16]  INFO StudentPopulationController  進入首頁確認使用者 User.IsGuest False User.Id 23858d7e-f622-4d15-4a74-08dc7a5137dd
