2025-05-08 08:29:04.1087[11]  INFO HomeController  進入首頁 IsGuest:True IsAuthenticated:True
2025-05-08 08:29:04.1087[11]  INFO HomeController  進入首頁 讀取 Session account: login:
2025-05-08 08:29:04.1954[11]  INFO MemberController  Member Login account: password: 
2025-05-08 08:29:24.9902[27]  INFO MemberController  Member Login account:admin password:cloudfun 
2025-05-08 08:29:25.0600[27]  INFO MemberController  進行登入 
2025-05-08 08:29:25.1659[27]  INFO MemberController  進行登入完成 導入 /Index False 
2025-05-08 08:29:25.2272[26]  INFO HomeController  進入首頁 IsGuest:False IsAuthenticated:True
2025-05-08 08:29:25.2272[26]  INFO HomeController  進入首頁
2025-05-08 08:30:48.3496[7]  INFO HomeController  進入首頁 IsGuest:True IsAuthenticated:True
2025-05-08 08:30:48.3571[7]  INFO HomeController  進入首頁 讀取 Session account: login:
2025-05-08 08:30:48.4446[16]  INFO MemberController  Member Login account: password: 
2025-05-08 18:35:20.2867[10]  INFO HomeController  進入首頁 IsGuest:True IsAuthenticated:True
2025-05-08 18:35:20.2867[10]  INFO HomeController  進入首頁 讀取 Session account: login:
2025-05-08 18:35:20.3893[10]  INFO MemberController  Member Login account: password: 
2025-05-08 18:37:46.8512[10]  INFO HomeController  進入首頁 IsGuest:True IsAuthenticated:True
2025-05-08 18:37:46.8512[10]  INFO HomeController  進入首頁 讀取 Session account: login:
2025-05-08 18:37:46.9279[5]  INFO MemberController  Member Login account: password: 
2025-05-08 18:43:07.5078[5]  INFO HomeController  進入首頁 IsGuest:True IsAuthenticated:True
2025-05-08 18:43:07.5078[5]  INFO HomeController  進入首頁 讀取 Session account: login:
2025-05-08 18:43:07.5834[11]  INFO MemberController  Member Login account: password: 
2025-05-08 18:44:55.9451[10]  INFO HomeController  進入首頁 IsGuest:True IsAuthenticated:True
2025-05-08 18:44:55.9451[10]  INFO HomeController  進入首頁 讀取 Session account: login:
2025-05-08 18:44:56.0339[5]  INFO MemberController  Member Login account: password: 
2025-05-08 18:50:23.9038[11]  INFO HomeController  進入首頁 IsGuest:True IsAuthenticated:True
2025-05-08 18:50:23.9038[11]  INFO HomeController  進入首頁 讀取 Session account: login:
2025-05-08 18:50:23.9765[7]  INFO MemberController  Member Login account: password: 
2025-05-08 18:58:16.3695[11]  INFO HomeController  進入首頁 IsGuest:True IsAuthenticated:True
2025-05-08 18:58:16.3695[11]  INFO HomeController  進入首頁 讀取 Session account: login:
2025-05-08 18:58:16.4523[17]  INFO MemberController  Member Login account: password: 
2025-05-08 18:59:37.7993[11]  INFO HomeController  進入首頁 IsGuest:True IsAuthenticated:True
2025-05-08 18:59:37.8056[11]  INFO HomeController  進入首頁 讀取 Session account: login:
2025-05-08 18:59:37.8873[7]  INFO MemberController  Member Login account: password: 
2025-05-08 19:27:20.1861[10]  INFO HomeController  進入首頁 IsGuest:True IsAuthenticated:True
2025-05-08 19:27:20.1861[10]  INFO HomeController  進入首頁 讀取 Session account: login:
2025-05-08 19:27:20.2778[5]  INFO MemberController  Member Login account: password: 
2025-05-08 19:29:46.4400[11]  INFO HomeController  進入首頁 IsGuest:True IsAuthenticated:True
2025-05-08 19:29:46.4462[11]  INFO HomeController  進入首頁 讀取 Session account: login:
2025-05-08 19:29:46.5204[18]  INFO MemberController  Member Login account: password: 
2025-05-08 19:31:54.9147[10]  INFO HomeController  進入首頁 IsGuest:True IsAuthenticated:True
2025-05-08 19:31:54.9147[10]  INFO HomeController  進入首頁 讀取 Session account: login:
2025-05-08 19:31:55.0026[18]  INFO MemberController  Member Login account: password: 
2025-05-08 19:33:56.7021[10]  INFO HomeController  進入首頁 IsGuest:True IsAuthenticated:True
2025-05-08 19:33:56.7021[10]  INFO HomeController  進入首頁 讀取 Session account: login:
2025-05-08 19:33:56.7808[10]  INFO MemberController  Member Login account: password: 
2025-05-08 19:36:09.8961[7]  INFO HomeController  進入首頁 IsGuest:True IsAuthenticated:True
2025-05-08 19:36:09.9033[7]  INFO HomeController  進入首頁 讀取 Session account: login:
2025-05-08 19:36:09.9697[17]  INFO MemberController  Member Login account: password: 
2025-05-08 19:48:10.7659[7]  INFO HomeController  進入首頁 IsGuest:True IsAuthenticated:True
2025-05-08 19:48:10.7659[7]  INFO HomeController  進入首頁 讀取 Session account: login:
2025-05-08 19:48:10.8681[10]  INFO MemberController  Member Login account: password: 
2025-05-08 19:56:42.1534[10]  INFO HomeController  進入首頁 IsGuest:True IsAuthenticated:True
2025-05-08 19:56:42.1596[10]  INFO HomeController  進入首頁 讀取 Session account: login:
2025-05-08 19:56:42.2365[17]  INFO MemberController  Member Login account: password: 
2025-05-08 19:59:00.3280[11]  INFO HomeController  進入首頁 IsGuest:True IsAuthenticated:True
2025-05-08 19:59:00.3280[11]  INFO HomeController  進入首頁 讀取 Session account: login:
2025-05-08 19:59:00.4006[5]  INFO MemberController  Member Login account: password: 
2025-05-08 20:00:01.6527[5]  INFO HomeController  進入首頁 IsGuest:True IsAuthenticated:True
2025-05-08 20:00:01.6635[5]  INFO HomeController  進入首頁 讀取 Session account: login:
2025-05-08 20:00:01.7433[18]  INFO MemberController  Member Login account: password: 
2025-05-08 20:01:21.5754[7]  INFO HomeController  進入首頁 IsGuest:True IsAuthenticated:True
2025-05-08 20:01:21.5814[7]  INFO HomeController  進入首頁 讀取 Session account: login:
2025-05-08 20:01:21.6510[17]  INFO MemberController  Member Login account: password: 
2025-05-08 20:02:33.3404[11]  INFO HomeController  進入首頁 IsGuest:True IsAuthenticated:True
2025-05-08 20:02:33.3461[11]  INFO HomeController  進入首頁 讀取 Session account: login:
2025-05-08 20:02:33.4531[5]  INFO MemberController  Member Login account: password: 
2025-05-08 20:05:01.1555[10]  INFO HomeController  進入首頁 IsGuest:True IsAuthenticated:True
2025-05-08 20:05:01.1555[10]  INFO HomeController  進入首頁 讀取 Session account: login:
2025-05-08 20:05:01.2351[5]  INFO MemberController  Member Login account: password: 
2025-05-08 20:08:57.0747[7]  INFO HomeController  進入首頁 IsGuest:True IsAuthenticated:True
2025-05-08 20:08:57.0802[7]  INFO HomeController  進入首頁 讀取 Session account: login:
2025-05-08 20:08:57.1549[5]  INFO MemberController  Member Login account: password: 
2025-05-08 20:14:14.7237[5]  INFO HomeController  進入首頁 IsGuest:True IsAuthenticated:True
2025-05-08 20:14:14.7237[5]  INFO HomeController  進入首頁 讀取 Session account: login:
2025-05-08 20:14:14.8016[11]  INFO MemberController  Member Login account: password: 
2025-05-08 20:16:18.4166[11]  INFO HomeController  進入首頁 IsGuest:True IsAuthenticated:True
2025-05-08 20:16:18.4241[11]  INFO HomeController  進入首頁 讀取 Session account: login:
2025-05-08 20:16:18.5029[18]  INFO MemberController  Member Login account: password: 
2025-05-08 20:21:43.4209[11]  INFO HomeController  進入首頁 IsGuest:True IsAuthenticated:True
2025-05-08 20:21:43.4209[11]  INFO HomeController  進入首頁 讀取 Session account: login:
2025-05-08 20:21:43.4986[17]  INFO MemberController  Member Login account: password: 
