2025-09-23 15:48:36.7452[14]  INFO HomeController  進入首頁 IsGuest:True IsAuthenticated:True
2025-09-23 15:48:36.7515[14]  INFO HomeController  進入首頁 讀取 Session account: login:
2025-09-23 15:48:36.8251[11]  INFO MemberController  Member Login account: password: 
2025-09-23 15:48:50.7250[19]  INFO MemberController  Member Login account:admin password:cloudfun 
2025-09-23 15:48:50.9269[19]  INFO MemberController  進行登入 
2025-09-23 15:48:51.1802[19]  INFO MemberController  進行登入完成 導入 /Index False 
2025-09-23 15:48:51.3615[5]  INFO HomeController  進入首頁 IsGuest:False IsAuthenticated:True
2025-09-23 15:48:51.3615[5]  INFO HomeController  進入首頁
2025-09-23 15:51:05.2843[10]  INFO HomeController  進入首頁 IsGuest:True IsAuthenticated:True
2025-09-23 15:51:05.2843[10]  INFO HomeController  進入首頁 讀取 Session account: login:
2025-09-23 15:51:05.3507[11]  INFO MemberController  Member Login account: password: 
2025-09-23 15:51:17.5015[17]  INFO MemberController  Member Login account:admin password:cloudfun 
2025-09-23 15:51:17.5352[17]  INFO MemberController  進行登入 
2025-09-23 15:51:17.5352[17]  INFO MemberController  進行登入完成 導入 /Index False 
2025-09-23 15:51:17.5623[5]  INFO HomeController  進入首頁 IsGuest:False IsAuthenticated:True
2025-09-23 15:51:17.5623[5]  INFO HomeController  進入首頁
2025-09-23 18:03:49.8369[11]  INFO HomeController  進入首頁 IsGuest:True IsAuthenticated:True
2025-09-23 18:03:49.8473[11]  INFO HomeController  進入首頁 讀取 Session account: login:
2025-09-23 18:03:50.0050[18]  INFO MemberController  Member Login account: password: 
2025-09-23 18:04:06.6314[20]  INFO MemberController  Member Login account:admin password:cloudfun 
2025-09-23 18:04:06.7149[20]  INFO MemberController  進行登入 
2025-09-23 18:04:06.8784[20]  INFO MemberController  進行登入完成 導入 /Index False 
2025-09-23 18:04:06.9724[12]  INFO HomeController  進入首頁 IsGuest:False IsAuthenticated:True
2025-09-23 18:04:06.9724[12]  INFO HomeController  進入首頁
2025-09-23 18:09:09.9937[20]  INFO HomeController  進入首頁 IsGuest:False IsAuthenticated:True
2025-09-23 18:09:09.9937[20]  INFO HomeController  進入首頁
2025-09-23 18:16:53.5030[12]  INFO HomeController  進入首頁 IsGuest:False IsAuthenticated:True
2025-09-23 18:16:53.5030[12]  INFO HomeController  進入首頁
