2025-12-01 07:35:58.6075[15]  INFO HomeController  進入首頁 IsGuest:True IsAuthenticated:True
2025-12-01 07:35:58.6141[15]  INFO HomeController  進入首頁 讀取 Session account: login:
2025-12-01 07:35:58.7061[16]  INFO MemberController  Member Login account: password: 
2025-12-01 07:36:33.4512[41] ERROR HomeController  匯入EXCEL錯誤An exception was thrown while attempting to evaluate a LINQ query parameter expression. See the inner exception for more information. To show additional information call 'DbContextOptionsBuilder.EnableSensitiveDataLogging'.
2025-12-01 07:36:33.4738[41] ERROR HomeController  匯入EXCEL錯誤An exception was thrown while attempting to evaluate a LINQ query parameter expression. See the inner exception for more information. To show additional information call 'DbContextOptionsBuilder.EnableSensitiveDataLogging'.
2025-12-01 07:39:51.4818[15]  INFO HomeController  進入首頁 IsGuest:True IsAuthenticated:True
2025-12-01 07:39:51.4889[15]  INFO HomeController  進入首頁 讀取 Session account: login:
2025-12-01 07:39:51.5818[7]  INFO MemberController  Member Login account: password: 
2025-12-01 07:41:58.5039[24] ERROR HomeController  匯入EXCEL錯誤Index was out of range. Must be non-negative and less than the size of the collection. (Parameter 'index')
2025-12-01 07:42:07.9311[24] ERROR HomeController  匯入EXCEL錯誤Index was out of range. Must be non-negative and less than the size of the collection. (Parameter 'index')
2025-12-01 07:42:23.1497[24] ERROR HomeController  匯入EXCEL錯誤Index was out of range. Must be non-negative and less than the size of the collection. (Parameter 'index')
2025-12-01 07:42:30.3635[24] ERROR HomeController  匯入EXCEL錯誤Index was out of range. Must be non-negative and less than the size of the collection. (Parameter 'index')
2025-12-01 07:42:39.5893[24] ERROR HomeController  匯入EXCEL錯誤Index was out of range. Must be non-negative and less than the size of the collection. (Parameter 'index')
2025-12-01 07:42:46.2483[24] ERROR HomeController  匯入EXCEL錯誤Index was out of range. Must be non-negative and less than the size of the collection. (Parameter 'index')
2025-12-01 07:42:59.1827[24] ERROR HomeController  匯入EXCEL錯誤Index was out of range. Must be non-negative and less than the size of the collection. (Parameter 'index')
2025-12-01 07:43:05.8689[24] ERROR HomeController  匯入EXCEL錯誤Index was out of range. Must be non-negative and less than the size of the collection. (Parameter 'index')
2025-12-01 07:43:18.3607[24] ERROR HomeController  匯入EXCEL錯誤Index was out of range. Must be non-negative and less than the size of the collection. (Parameter 'index')
2025-12-01 07:43:25.0858[24] ERROR HomeController  匯入EXCEL錯誤Index was out of range. Must be non-negative and less than the size of the collection. (Parameter 'index')
2025-12-01 07:43:42.8479[24] ERROR HomeController  匯入EXCEL錯誤Index was out of range. Must be non-negative and less than the size of the collection. (Parameter 'index')
2025-12-01 07:43:50.7731[24] ERROR HomeController  匯入EXCEL錯誤Index was out of range. Must be non-negative and less than the size of the collection. (Parameter 'index')
2025-12-01 07:44:01.1195[24] ERROR HomeController  匯入EXCEL錯誤Index was out of range. Must be non-negative and less than the size of the collection. (Parameter 'index')
2025-12-01 07:44:08.8062[24] ERROR HomeController  匯入EXCEL錯誤Index was out of range. Must be non-negative and less than the size of the collection. (Parameter 'index')
2025-12-01 07:44:22.7846[24] ERROR HomeController  匯入EXCEL錯誤Index was out of range. Must be non-negative and less than the size of the collection. (Parameter 'index')
2025-12-01 07:44:29.5387[24] ERROR HomeController  匯入EXCEL錯誤Index was out of range. Must be non-negative and less than the size of the collection. (Parameter 'index')
2025-12-01 07:44:47.7562[24] ERROR HomeController  匯入EXCEL錯誤Index was out of range. Must be non-negative and less than the size of the collection. (Parameter 'index')
2025-12-01 07:44:54.4884[24] ERROR HomeController  匯入EXCEL錯誤Index was out of range. Must be non-negative and less than the size of the collection. (Parameter 'index')
2025-12-01 07:45:06.1785[24] ERROR HomeController  匯入EXCEL錯誤Index was out of range. Must be non-negative and less than the size of the collection. (Parameter 'index')
2025-12-01 07:45:12.8222[24] ERROR HomeController  匯入EXCEL錯誤Index was out of range. Must be non-negative and less than the size of the collection. (Parameter 'index')
2025-12-01 07:45:24.6128[24] ERROR HomeController  匯入EXCEL錯誤Index was out of range. Must be non-negative and less than the size of the collection. (Parameter 'index')
2025-12-01 07:45:32.4843[24] ERROR HomeController  匯入EXCEL錯誤Index was out of range. Must be non-negative and less than the size of the collection. (Parameter 'index')
2025-12-01 07:45:46.4849[24] ERROR HomeController  匯入EXCEL錯誤Index was out of range. Must be non-negative and less than the size of the collection. (Parameter 'index')
2025-12-01 07:45:55.2525[24] ERROR HomeController  匯入EXCEL錯誤Index was out of range. Must be non-negative and less than the size of the collection. (Parameter 'index')
2025-12-01 07:46:07.4944[24] ERROR HomeController  匯入EXCEL錯誤Index was out of range. Must be non-negative and less than the size of the collection. (Parameter 'index')
2025-12-01 07:46:14.7184[24] ERROR HomeController  匯入EXCEL錯誤Index was out of range. Must be non-negative and less than the size of the collection. (Parameter 'index')
2025-12-01 07:46:29.2404[24] ERROR HomeController  匯入EXCEL錯誤Index was out of range. Must be non-negative and less than the size of the collection. (Parameter 'index')
2025-12-01 07:46:35.9153[24] ERROR HomeController  匯入EXCEL錯誤Index was out of range. Must be non-negative and less than the size of the collection. (Parameter 'index')
2025-12-01 07:46:50.0905[24] ERROR HomeController  匯入EXCEL錯誤Index was out of range. Must be non-negative and less than the size of the collection. (Parameter 'index')
2025-12-01 07:46:59.2704[24] ERROR HomeController  匯入EXCEL錯誤Index was out of range. Must be non-negative and less than the size of the collection. (Parameter 'index')
2025-12-01 07:47:10.5126[24] ERROR HomeController  匯入EXCEL錯誤Index was out of range. Must be non-negative and less than the size of the collection. (Parameter 'index')
2025-12-01 07:47:17.1330[24] ERROR HomeController  匯入EXCEL錯誤Index was out of range. Must be non-negative and less than the size of the collection. (Parameter 'index')
2025-12-01 08:02:24.4500[7]  INFO HomeController  進入首頁 IsGuest:True IsAuthenticated:True
2025-12-01 08:02:24.4562[7]  INFO HomeController  進入首頁 讀取 Session account: login:
2025-12-01 08:02:24.5850[13]  INFO MemberController  Member Login account: password: 
2025-12-01 08:14:46.3033[19]  INFO HomeController  進入首頁 IsGuest:True IsAuthenticated:True
2025-12-01 08:14:46.3132[19]  INFO HomeController  進入首頁 讀取 Session account: login:
2025-12-01 08:14:46.4072[9]  INFO MemberController  Member Login account: password: 
