2025-09-14 09:18:08.8494[11]  INFO HomeController  進入首頁 IsGuest:True IsAuthenticated:True
2025-09-14 09:18:08.8494[11]  INFO HomeController  進入首頁 讀取 Session account: login:
2025-09-14 09:18:09.0255[10]  INFO MemberController  Member Login account: password: 
2025-09-14 09:27:28.7670[7]  INFO HomeController  進入首頁 IsGuest:True IsAuthenticated:True
2025-09-14 09:27:28.7733[7]  INFO HomeController  進入首頁 讀取 Session account: login:
2025-09-14 09:27:28.8683[11]  INFO MemberController  Member Login account: password: 
2025-09-14 09:29:52.4935[31]  INFO MemberController  Member Login account:admin password:cloudfun 
2025-09-14 09:29:52.5407[31]  INFO MemberController  進行登入 
2025-09-14 09:29:52.5752[31]  INFO MemberController  進行登入完成 導入 /Index False 
2025-09-14 09:29:52.6489[30]  INFO HomeController  進入首頁 IsGuest:False IsAuthenticated:True
2025-09-14 09:29:52.6489[30]  INFO HomeController  進入首頁
2025-09-14 09:41:23.9485[7]  INFO HomeController  進入首頁 IsGuest:False IsAuthenticated:True
2025-09-14 09:41:23.9485[7]  INFO HomeController  進入首頁
2025-09-14 09:45:46.5860[5]  INFO HomeController  進入首頁 IsGuest:False IsAuthenticated:True
2025-09-14 09:45:46.5860[5]  INFO HomeController  進入首頁
2025-09-14 09:56:02.3896[10]  INFO HomeController  進入首頁 IsGuest:False IsAuthenticated:True
2025-09-14 09:56:02.3896[10]  INFO HomeController  進入首頁
2025-09-14 11:33:54.4482[10]  INFO HomeController  進入首頁 IsGuest:True IsAuthenticated:True
2025-09-14 11:33:54.4482[10]  INFO HomeController  進入首頁 讀取 Session account: login:
2025-09-14 11:33:54.5346[11]  INFO MemberController  Member Login account: password: 
2025-09-14 11:34:07.9868[19]  INFO MemberController  Member Login account:admin password:cloudfun 
2025-09-14 11:34:08.0091[19]  INFO MemberController  進行登入 
2025-09-14 11:34:08.0091[19]  INFO MemberController  進行登入完成 導入 /Index False 
2025-09-14 11:34:08.0389[10]  INFO HomeController  進入首頁 IsGuest:False IsAuthenticated:True
2025-09-14 11:34:08.0389[10]  INFO HomeController  進入首頁
2025-09-14 11:35:09.6905[11]  INFO HomeController  進入首頁 IsGuest:False IsAuthenticated:True
2025-09-14 11:35:09.6966[11]  INFO HomeController  進入首頁
2025-09-14 11:43:14.0504[11]  INFO HomeController  進入首頁 IsGuest:False IsAuthenticated:True
2025-09-14 11:43:14.0504[11]  INFO HomeController  進入首頁
2025-09-14 11:45:11.1553[7]  INFO HomeController  進入首頁 IsGuest:False IsAuthenticated:True
2025-09-14 11:45:11.1553[7]  INFO HomeController  進入首頁
2025-09-14 11:48:52.0993[45]  INFO HomeController  進入首頁 IsGuest:False IsAuthenticated:True
2025-09-14 11:48:52.0993[45]  INFO HomeController  進入首頁
2025-09-14 11:50:36.4864[11]  INFO HomeController  進入首頁 IsGuest:False IsAuthenticated:True
2025-09-14 11:50:36.4936[11]  INFO HomeController  進入首頁
2025-09-14 11:56:39.1399[11]  INFO HomeController  進入首頁 IsGuest:False IsAuthenticated:True
2025-09-14 11:56:39.1399[11]  INFO HomeController  進入首頁
2025-09-14 12:01:50.2244[11]  INFO HomeController  進入首頁 IsGuest:False IsAuthenticated:True
2025-09-14 12:01:50.2308[11]  INFO HomeController  進入首頁
2025-09-14 12:03:24.5142[11]  INFO HomeController  進入首頁 IsGuest:False IsAuthenticated:True
2025-09-14 12:03:24.5142[11]  INFO HomeController  進入首頁
2025-09-14 12:13:47.2530[11]  INFO HomeController  進入首頁 IsGuest:False IsAuthenticated:True
2025-09-14 12:13:47.2530[11]  INFO HomeController  進入首頁
2025-09-14 12:21:47.8333[7]  INFO HomeController  進入首頁 IsGuest:False IsAuthenticated:True
2025-09-14 12:21:47.8333[7]  INFO HomeController  進入首頁
2025-09-14 22:13:35.9915[7]  INFO HomeController  進入首頁 IsGuest:True IsAuthenticated:True
2025-09-14 22:13:35.9975[7]  INFO HomeController  進入首頁 讀取 Session account: login:
2025-09-14 22:13:36.0707[5]  INFO MemberController  Member Login account: password: 
2025-09-14 22:13:52.6598[18]  INFO MemberController  Member Login account:admin password:cloudfun 
2025-09-14 22:13:52.6957[18]  INFO MemberController  進行登入 
2025-09-14 22:13:52.7137[18]  INFO MemberController  進行登入完成 導入 /Index False 
2025-09-14 22:13:52.7343[18]  INFO HomeController  進入首頁 IsGuest:False IsAuthenticated:True
2025-09-14 22:13:52.7343[18]  INFO HomeController  進入首頁
2025-09-14 22:17:15.1001[19]  INFO HomeController  進入首頁 IsGuest:False IsAuthenticated:True
2025-09-14 22:17:15.1062[19]  INFO HomeController  進入首頁
2025-09-14 22:20:42.6088[10]  INFO HomeController  進入首頁 IsGuest:False IsAuthenticated:True
2025-09-14 22:20:42.6088[10]  INFO HomeController  進入首頁
2025-09-14 22:22:23.0342[10]  INFO HomeController  進入首頁 IsGuest:False IsAuthenticated:True
2025-09-14 22:22:23.0342[10]  INFO HomeController  進入首頁
2025-09-14 22:28:38.8331[5]  INFO HomeController  進入首頁 IsGuest:False IsAuthenticated:True
2025-09-14 22:28:38.8439[5]  INFO HomeController  進入首頁
2025-09-14 22:44:00.1764[11]  INFO HomeController  進入首頁 IsGuest:False IsAuthenticated:True
2025-09-14 22:44:00.1854[11]  INFO HomeController  進入首頁
2025-09-14 22:48:02.3464[19]  INFO HomeController  進入首頁 IsGuest:False IsAuthenticated:True
2025-09-14 22:48:02.3525[19]  INFO HomeController  進入首頁
2025-09-14 22:58:37.9465[7]  INFO HomeController  進入首頁 IsGuest:False IsAuthenticated:True
2025-09-14 22:58:37.9465[7]  INFO HomeController  進入首頁
2025-09-14 23:00:38.7371[23]  INFO HomeController  進入首頁 IsGuest:False IsAuthenticated:True
2025-09-14 23:00:38.7371[23]  INFO HomeController  進入首頁
2025-09-14 23:04:56.0019[7]  INFO HomeController  進入首頁 IsGuest:False IsAuthenticated:True
2025-09-14 23:04:56.0019[7]  INFO HomeController  進入首頁
2025-09-14 23:05:32.3934[18]  INFO HomeController  進入首頁 IsGuest:False IsAuthenticated:True
2025-09-14 23:05:32.3934[18]  INFO HomeController  進入首頁
2025-09-14 23:06:16.7715[11]  INFO HomeController  進入首頁 IsGuest:False IsAuthenticated:True
2025-09-14 23:06:16.7781[11]  INFO HomeController  進入首頁
2025-09-14 23:22:51.9176[11]  INFO HomeController  進入首頁 IsGuest:True IsAuthenticated:True
2025-09-14 23:22:51.9176[11]  INFO HomeController  進入首頁 讀取 Session account: login:
2025-09-14 23:22:52.0069[5]  INFO MemberController  Member Login account: password: 
