2025-12-08 06:28:04.4406[15]  INFO HomeController  進入首頁 IsGuest:True IsAuthenticated:True
2025-12-08 06:28:04.4530[15]  INFO HomeController  進入首頁 讀取 Session account: login:
2025-12-08 06:28:04.9408[15]  INFO MemberController  Member Login account: password: 
2025-12-08 06:28:30.6441[20]  INFO MemberController  Member Login account:admin password:cloudfun 
2025-12-08 06:28:30.7304[20]  INFO MemberController  進行登入 
2025-12-08 06:28:30.8706[20]  INFO MemberController  進行登入完成 導入 /Index False 
2025-12-08 06:28:30.9615[15]  INFO HomeController  進入首頁 IsGuest:False IsAuthenticated:True
2025-12-08 06:28:30.9615[15]  INFO HomeController  進入首頁
2025-12-08 08:58:26.3619[9]  INFO HomeController  進入首頁 IsGuest:True IsAuthenticated:True
2025-12-08 08:58:26.3733[9]  INFO HomeController  進入首頁 讀取 Session account: login:
2025-12-08 08:58:26.4856[7]  INFO MemberController  Member Login account: password: 
2025-12-08 08:59:53.1473[7] ERROR HomeController  匯入EXCEL錯誤Index was out of range. Must be non-negative and less than the size of the collection. (Parameter 'index')
2025-12-08 08:59:56.6943[7] ERROR HomeController  匯入EXCEL錯誤Index was out of range. Must be non-negative and less than the size of the collection. (Parameter 'index')
2025-12-08 09:00:00.0653[7] ERROR HomeController  匯入EXCEL錯誤Index was out of range. Must be non-negative and less than the size of the collection. (Parameter 'index')
2025-12-08 09:00:03.6529[7] ERROR HomeController  匯入EXCEL錯誤Index was out of range. Must be non-negative and less than the size of the collection. (Parameter 'index')
2025-12-08 09:00:07.1815[7] ERROR HomeController  匯入EXCEL錯誤Index was out of range. Must be non-negative and less than the size of the collection. (Parameter 'index')
2025-12-08 09:00:11.7766[7] ERROR HomeController  匯入EXCEL錯誤Index was out of range. Must be non-negative and less than the size of the collection. (Parameter 'index')
2025-12-08 09:00:15.2596[7] ERROR HomeController  匯入EXCEL錯誤Index was out of range. Must be non-negative and less than the size of the collection. (Parameter 'index')
2025-12-08 09:00:19.7210[7] ERROR HomeController  匯入EXCEL錯誤Index was out of range. Must be non-negative and less than the size of the collection. (Parameter 'index')
2025-12-08 09:00:23.4917[7] ERROR HomeController  匯入EXCEL錯誤Index was out of range. Must be non-negative and less than the size of the collection. (Parameter 'index')
2025-12-08 09:00:26.8933[7] ERROR HomeController  匯入EXCEL錯誤Index was out of range. Must be non-negative and less than the size of the collection. (Parameter 'index')
2025-12-08 09:00:31.6692[7] ERROR HomeController  匯入EXCEL錯誤Index was out of range. Must be non-negative and less than the size of the collection. (Parameter 'index')
2025-12-08 09:00:35.8076[7] ERROR HomeController  匯入EXCEL錯誤Index was out of range. Must be non-negative and less than the size of the collection. (Parameter 'index')
2025-12-08 09:00:39.4129[7] ERROR HomeController  匯入EXCEL錯誤Index was out of range. Must be non-negative and less than the size of the collection. (Parameter 'index')
2025-12-08 09:00:44.1574[7] ERROR HomeController  匯入EXCEL錯誤Index was out of range. Must be non-negative and less than the size of the collection. (Parameter 'index')
2025-12-08 09:00:49.2423[7] ERROR HomeController  匯入EXCEL錯誤Index was out of range. Must be non-negative and less than the size of the collection. (Parameter 'index')
2025-12-08 09:00:52.6619[7] ERROR HomeController  匯入EXCEL錯誤Index was out of range. Must be non-negative and less than the size of the collection. (Parameter 'index')
2025-12-08 09:00:56.4265[7] ERROR HomeController  匯入EXCEL錯誤Index was out of range. Must be non-negative and less than the size of the collection. (Parameter 'index')
2025-12-08 09:01:00.2035[7] ERROR HomeController  匯入EXCEL錯誤Index was out of range. Must be non-negative and less than the size of the collection. (Parameter 'index')
2025-12-08 09:01:03.6364[7] ERROR HomeController  匯入EXCEL錯誤Index was out of range. Must be non-negative and less than the size of the collection. (Parameter 'index')
2025-12-08 09:01:07.0182[7] ERROR HomeController  匯入EXCEL錯誤Index was out of range. Must be non-negative and less than the size of the collection. (Parameter 'index')
2025-12-08 09:01:10.4869[7] ERROR HomeController  匯入EXCEL錯誤Index was out of range. Must be non-negative and less than the size of the collection. (Parameter 'index')
2025-12-08 09:01:13.8994[7] ERROR HomeController  匯入EXCEL錯誤Index was out of range. Must be non-negative and less than the size of the collection. (Parameter 'index')
2025-12-08 09:01:17.8896[7] ERROR HomeController  匯入EXCEL錯誤Index was out of range. Must be non-negative and less than the size of the collection. (Parameter 'index')
2025-12-08 09:01:21.4140[7] ERROR HomeController  匯入EXCEL錯誤Index was out of range. Must be non-negative and less than the size of the collection. (Parameter 'index')
2025-12-08 09:01:24.9257[7] ERROR HomeController  匯入EXCEL錯誤Index was out of range. Must be non-negative and less than the size of the collection. (Parameter 'index')
2025-12-08 09:01:28.4467[7] ERROR HomeController  匯入EXCEL錯誤Index was out of range. Must be non-negative and less than the size of the collection. (Parameter 'index')
2025-12-08 09:08:10.1314[15]  INFO HomeController  進入首頁 IsGuest:True IsAuthenticated:True
2025-12-08 09:08:10.1314[15]  INFO HomeController  進入首頁 讀取 Session account: login:
2025-12-08 09:08:10.2144[11]  INFO MemberController  Member Login account: password: 
2025-12-08 09:34:00.0815[9]  INFO HomeController  進入首頁 IsGuest:True IsAuthenticated:True
2025-12-08 09:34:00.0919[9]  INFO HomeController  進入首頁 讀取 Session account: login:
2025-12-08 09:34:00.1921[17]  INFO MemberController  Member Login account: password: 
