2026-08-11 16:03:47.7974[13]  INFO HomeController  進入首頁 IsGuest:True IsAuthenticated:True
2026-08-11 16:03:47.8134[13]  INFO HomeController  進入首頁 讀取 Session account: login:0
2026-08-11 16:03:47.9461[13]  INFO MemberController  Member Login account: password: 
2026-08-11 16:04:30.6081[17]  INFO MemberController  Member Login account:admin password:cloudfun 
2026-08-11 16:04:30.9900[17]  INFO MemberController  進行登入 
2026-08-11 16:04:31.2985[17]  INFO MemberController  進行登入完成 導入 /Index False 
2026-08-11 16:04:31.4979[20]  INFO HomeController  進入首頁 IsGuest:False IsAuthenticated:True
2026-08-11 16:04:31.4979[20]  INFO HomeController  進入首頁
2026-08-11 16:06:02.5382[33]  INFO HomeController  進入首頁 IsGuest:False IsAuthenticated:True
2026-08-11 16:06:02.5382[33]  INFO HomeController  進入首頁
2026-08-11 16:08:08.1614[36]  INFO HomeController  進入首頁 IsGuest:False IsAuthenticated:True
2026-08-11 16:08:08.1614[36]  INFO HomeController  進入首頁
2026-08-11 16:09:06.6484[40]  INFO HomeController  進入首頁 IsGuest:False IsAuthenticated:True
2026-08-11 16:09:06.6484[40]  INFO HomeController  進入首頁
2026-08-11 16:48:01.9075[36]  INFO HomeController  進入首頁 IsGuest:True IsAuthenticated:True
2026-08-11 16:48:01.9126[36]  INFO HomeController  進入首頁 讀取 Session account: login:0
2026-08-11 16:48:01.9574[26]  INFO MemberController  Member Login account: password: 
2026-08-11 16:48:12.0218[36]  INFO MemberController  Member Login account:admin password:cloudfun 
2026-08-11 16:48:12.0754[36]  INFO MemberController  進行登入 
2026-08-11 16:48:12.0896[36]  INFO MemberController  進行登入完成 導入 /Index False 
2026-08-11 16:48:12.1162[38]  INFO HomeController  進入首頁 IsGuest:False IsAuthenticated:True
2026-08-11 16:48:12.1162[38]  INFO HomeController  進入首頁
2026-08-11 17:03:11.0781[38]  INFO HomeController  進入首頁 IsGuest:False IsAuthenticated:True
2026-08-11 17:03:11.0781[38]  INFO HomeController  進入首頁
2026-08-11 17:22:54.9358[49]  INFO MemberController  Member Login account: password: 
2026-08-11 17:22:54.9864[49]  INFO MemberController  進行Session登入 
2026-08-11 17:22:54.9958[49]  INFO MemberController  進行登入完成 導入 /UpdateClassItemGridPsj False 
2026-08-11 17:22:55.0088[49]  INFO HomeController  進入首頁 IsGuest:False IsAuthenticated:True
2026-08-11 17:22:55.0088[49]  INFO HomeController  進入首頁
2026-08-11 17:48:53.7827[13]  INFO HomeController  進入首頁 IsGuest:True IsAuthenticated:True
2026-08-11 17:48:53.7978[13]  INFO HomeController  進入首頁 讀取 Session account: login:0
2026-08-11 17:48:53.9110[14]  INFO MemberController  Member Login account: password: 
2026-08-11 17:50:31.6842[27]  INFO MemberController  Member Login account:admin password:cloudfun 
2026-08-11 17:50:31.7405[27]  INFO MemberController  進行登入 
2026-08-11 17:50:31.7598[27]  INFO MemberController  進行登入完成 導入 /Index False 
2026-08-11 17:50:31.7889[32]  INFO HomeController  進入首頁 IsGuest:False IsAuthenticated:True
2026-08-11 17:50:31.7889[32]  INFO HomeController  進入首頁
2026-08-11 17:51:18.1225[31]  INFO HomeController  進入首頁 IsGuest:False IsAuthenticated:True
2026-08-11 17:51:18.1225[31]  INFO HomeController  進入首頁
