2026-09-17 08:49:30.8724[19]  INFO HomeController  進入首頁 IsGuest:True IsAuthenticated:True
2026-09-17 08:49:30.8779[19]  INFO HomeController  進入首頁 讀取 Session account: login:0
2026-09-17 09:00:49.6813[39]  INFO HomeController  ImportAll 26/2025 07(全國人數表第26週).xlsx [PH] → 26校 752筆 錯誤:0
2026-09-17 09:00:49.6813[39]  INFO HomeController  ImportAll 26/2025 07(全國人數表第26週).xlsx [GEPT] → 31校 32筆 錯誤:0
2026-09-17 09:01:12.2348[39]  INFO HomeController  ImportAll 26/PS南區人數統計表 114學年度(26週).xlsx [PS] → 4校 42筆 錯誤:0
2026-09-17 09:06:49.8648[39]  INFO HomeController  ImportAll 27/2025 07(全國人數表第27週).xlsx [PH] → 26校 756筆 錯誤:0
2026-09-17 09:06:49.8648[39]  INFO HomeController  ImportAll 27/2025 07(全國人數表第27週).xlsx [GEPT] → 31校 28筆 錯誤:0
2026-09-17 09:07:11.9041[39]  INFO HomeController  ImportAll 27/PS南區人數統計表 114學年度(27週).xlsx [PS] → 4校 42筆 錯誤:0
2026-09-17 09:12:28.8530[39]  INFO HomeController  ImportAll 28/2025 07(全國人數表第28週).xlsx [PH] → 26校 751筆 錯誤:0
2026-09-17 09:12:28.8530[39]  INFO HomeController  ImportAll 28/2025 07(全國人數表第28週).xlsx [GEPT] → 31校 24筆 錯誤:0
2026-09-17 09:12:52.0834[39]  INFO HomeController  ImportAll 28/PS南區人數統計表 114學年度(28週).xlsx [PS] → 4校 42筆 錯誤:0
2026-09-17 09:18:09.8393[39]  INFO HomeController  ImportAll 29/2025 07(全國人數表第29週).xlsx [PH] → 26校 746筆 錯誤:0
2026-09-17 09:18:09.8393[39]  INFO HomeController  ImportAll 29/2025 07(全國人數表第29週).xlsx [GEPT] → 31校 24筆 錯誤:0
2026-09-17 09:18:32.8755[39]  INFO HomeController  ImportAll 29/PS南區人數統計表 114學年度(29週).xlsx [PS] → 4校 42筆 錯誤:0
2026-09-17 09:24:01.1046[39]  INFO HomeController  ImportAll 30/2025 07(全國人數表第30週).xlsx [PH] → 26校 734筆 錯誤:0
2026-09-17 09:24:01.1046[39]  INFO HomeController  ImportAll 30/2025 07(全國人數表第30週).xlsx [GEPT] → 31校 32筆 錯誤:0
2026-09-17 09:24:24.6602[39]  INFO HomeController  ImportAll 30/PS南區人數統計表 114學年度(30週).xlsx [PS] → 4校 42筆 錯誤:0
2026-09-17 09:29:50.0937[39]  INFO HomeController  ImportAll 31/2025 07(全國人數表第31週).xlsx [PH] → 26校 732筆 錯誤:0
2026-09-17 09:29:50.0937[39]  INFO HomeController  ImportAll 31/2025 07(全國人數表第31週).xlsx [GEPT] → 31校 39筆 錯誤:0
2026-09-17 09:30:14.0070[39]  INFO HomeController  ImportAll 31/PS南區人數統計表 114學年度(31週).xlsx [PS] → 4校 42筆 錯誤:0
2026-09-17 09:35:45.9209[39]  INFO HomeController  ImportAll 32/2025 07(全國人數表第32週).xlsx [PH] → 26校 733筆 錯誤:0
2026-09-17 09:35:45.9209[39]  INFO HomeController  ImportAll 32/2025 07(全國人數表第32週).xlsx [GEPT] → 31校 39筆 錯誤:0
2026-09-17 09:36:09.9903[39]  INFO HomeController  ImportAll 32/PS南區人數統計表 114學年度(32週).xlsx [PS] → 4校 42筆 錯誤:0
2026-09-17 09:41:36.9003[39]  INFO HomeController  ImportAll 33/2025 07(全國人數表第33週).xlsx [PH] → 26校 712筆 錯誤:0
2026-09-17 09:41:36.9003[39]  INFO HomeController  ImportAll 33/2025 07(全國人數表第33週).xlsx [GEPT] → 31校 40筆 錯誤:0
2026-09-17 09:42:01.3750[39]  INFO HomeController  ImportAll 33/PS南區人數統計表 114學年度(33週).xlsx [PS] → 4校 42筆 錯誤:0
2026-09-17 09:47:51.2187[39]  INFO HomeController  ImportAll 34/2025 07(全國人數表第34週).xlsx [PH] → 26校 709筆 錯誤:0
2026-09-17 09:47:51.2187[39]  INFO HomeController  ImportAll 34/2025 07(全國人數表第34週).xlsx [GEPT] → 31校 38筆 錯誤:0
2026-09-17 09:48:17.0262[39]  INFO HomeController  ImportAll 34/PS南區人數統計表 114學年度(34週).xlsx [PS] → 4校 42筆 錯誤:0
2026-09-17 09:54:21.0544[39]  INFO HomeController  ImportAll 35/2025 07(全國人數表第35週).xlsx [PH] → 26校 723筆 錯誤:0
2026-09-17 09:54:21.0544[39]  INFO HomeController  ImportAll 35/2025 07(全國人數表第35週).xlsx [GEPT] → 31校 38筆 錯誤:0
2026-09-17 09:54:46.9979[39]  INFO HomeController  ImportAll 35/PS南區人數統計表 114學年度(35週).xlsx [PS] → 4校 42筆 錯誤:0
2026-09-17 10:00:39.3399[39]  INFO HomeController  ImportAll 36/2025 07(全國人數表第36週).xlsx [PH] → 26校 732筆 錯誤:0
2026-09-17 10:00:39.3399[39]  INFO HomeController  ImportAll 36/2025 07(全國人數表第36週).xlsx [GEPT] → 31校 38筆 錯誤:0
2026-09-17 10:01:06.8696[39]  INFO HomeController  ImportAll 36/PS南區人數統計表 114學年度(36週).xlsx [PS] → 4校 42筆 錯誤:0
2026-09-17 10:07:05.1465[39]  INFO HomeController  ImportAll 37/2025 07(全國人數表第37週).xlsx [PH] → 26校 719筆 錯誤:0
2026-09-17 10:07:05.1465[39]  INFO HomeController  ImportAll 37/2025 07(全國人數表第37週).xlsx [GEPT] → 31校 39筆 錯誤:0
2026-09-17 10:07:32.6044[39]  INFO HomeController  ImportAll 37/PS南區人數統計表 114學年度(37週).xlsx [PS] → 4校 42筆 錯誤:0
2026-09-17 10:13:35.0433[39]  INFO HomeController  ImportAll 38/2025 07(全國人數表第38週).xlsx [PH] → 26校 735筆 錯誤:0
2026-09-17 10:13:35.0433[39]  INFO HomeController  ImportAll 38/2025 07(全國人數表第38週).xlsx [GEPT] → 31校 38筆 錯誤:0
2026-09-17 10:14:02.5064[39]  INFO HomeController  ImportAll 38/PS南區人數統計表 114學年度(38週).xlsx [PS] → 4校 42筆 錯誤:0
2026-09-17 10:19:59.6160[39]  INFO HomeController  ImportAll 39/2025 07(全國人數表第39週)修正.xlsx [PH] → 26校 710筆 錯誤:0
2026-09-17 10:19:59.6160[39]  INFO HomeController  ImportAll 39/2025 07(全國人數表第39週)修正.xlsx [GEPT] → 31校 32筆 錯誤:0
2026-09-17 10:20:28.7668[39]  INFO HomeController  ImportAll 39/PS南區人數統計表 114學年度(39週).xlsx [PS] → 4校 42筆 錯誤:0
2026-09-17 10:26:39.8347[39]  INFO HomeController  ImportAll 40/2025 07(全國人數表第40週).xlsx [PH] → 26校 710筆 錯誤:0
2026-09-17 10:26:39.8347[39]  INFO HomeController  ImportAll 40/2025 07(全國人數表第40週).xlsx [GEPT] → 31校 31筆 錯誤:0
2026-09-17 10:27:09.4975[39]  INFO HomeController  ImportAll 40/PS南區人數統計表 114學年度(40週).xlsx [PS] → 4校 42筆 錯誤:0
2026-09-17 10:33:17.7611[39]  INFO HomeController  ImportAll 41/2025 07(全國人數表第41週).xlsx [PH] → 26校 706筆 錯誤:0
2026-09-17 10:33:17.7611[39]  INFO HomeController  ImportAll 41/2025 07(全國人數表第41週).xlsx [GEPT] → 31校 36筆 錯誤:0
2026-09-17 10:33:45.9799[39]  INFO HomeController  ImportAll 41/PS南區人數統計表 114學年度(41週).xlsx [PS] → 4校 42筆 錯誤:0
2026-09-17 10:39:49.6885[39]  INFO HomeController  ImportAll 42/2025 07(全國人數表第42週).xlsx [PH] → 26校 711筆 錯誤:0
2026-09-17 10:39:49.6885[39]  INFO HomeController  ImportAll 42/2025 07(全國人數表第42週).xlsx [GEPT] → 31校 35筆 錯誤:0
2026-09-17 10:40:18.9035[39]  INFO HomeController  ImportAll 42/PS南區人數統計表 114學年度(42週).xlsx [PS] → 4校 42筆 錯誤:0
2026-09-17 10:46:37.2963[39]  INFO HomeController  ImportAll 43/2025 07(全國人數表第43週).xlsx [PH] → 26校 700筆 錯誤:0
2026-09-17 10:46:37.2963[39]  INFO HomeController  ImportAll 43/2025 07(全國人數表第43週).xlsx [GEPT] → 31校 36筆 錯誤:0
2026-09-17 10:47:06.7250[39]  INFO HomeController  ImportAll 43/PS南區人數統計表 114學年度(43週).xlsx [PS] → 4校 42筆 錯誤:0
2026-09-17 10:53:22.3367[39]  INFO HomeController  ImportAll 44/2025 07(全國人數表第44週).xlsx [PH] → 26校 712筆 錯誤:0
2026-09-17 10:53:22.3367[39]  INFO HomeController  ImportAll 44/2025 07(全國人數表第44週).xlsx [GEPT] → 31校 34筆 錯誤:0
2026-09-17 10:53:53.0205[39]  INFO HomeController  ImportAll 44/PS南區人數統計表 114學年度(44週).xlsx [PS] → 4校 42筆 錯誤:0
2026-09-17 11:00:20.4081[39]  INFO HomeController  ImportAll 45/2025 07(全國人數表第45週).xlsx [PH] → 26校 709筆 錯誤:0
2026-09-17 11:00:20.4081[39]  INFO HomeController  ImportAll 45/2025 07(全國人數表第45週).xlsx [GEPT] → 31校 35筆 錯誤:0
2026-09-17 11:00:51.5379[39]  INFO HomeController  ImportAll 45/PS南區人數統計表 114學年度(45週).xlsx [PS] → 4校 42筆 錯誤:0
2026-09-17 11:07:13.4100[39]  INFO HomeController  ImportAll 46/2025 07(全國人數表第46週).xlsx [PH] → 26校 717筆 錯誤:0
2026-09-17 11:07:13.4100[39]  INFO HomeController  ImportAll 46/2025 07(全國人數表第46週).xlsx [GEPT] → 31校 33筆 錯誤:0
2026-09-17 11:07:43.7396[39]  INFO HomeController  ImportAll 46/PS南區人數統計表 114學年度(46週).xlsx [PS] → 4校 42筆 錯誤:0
2026-09-17 11:14:04.4863[39]  INFO HomeController  ImportAll 47/2025 07(全國人數表第47週).xlsx [PH] → 26校 781筆 錯誤:0
2026-09-17 11:14:04.4863[39]  INFO HomeController  ImportAll 47/2025 07(全國人數表第47週).xlsx [GEPT] → 31校 32筆 錯誤:0
2026-09-17 11:14:35.2174[39]  INFO HomeController  ImportAll 47/PS南區人數統計表 114學年度(47週).xlsx [PS] → 4校 42筆 錯誤:0
2026-09-17 11:20:59.3433[39]  INFO HomeController  ImportAll 48/2025 07(全國人數表第48週).xlsx [PH] → 26校 770筆 錯誤:0
2026-09-17 11:20:59.3433[39]  INFO HomeController  ImportAll 48/2025 07(全國人數表第48週).xlsx [GEPT] → 31校 32筆 錯誤:0
2026-09-17 11:21:29.3503[39]  INFO HomeController  ImportAll 48/PS南區人數統計表 114學年度(48週).xlsx [PS] → 4校 42筆 錯誤:0
2026-09-17 11:27:53.0460[39]  INFO HomeController  ImportAll 49/2025 07(全國人數表第49週).xlsx [PH] → 26校 774筆 錯誤:0
2026-09-17 11:27:53.0460[39]  INFO HomeController  ImportAll 49/2025 07(全國人數表第49週).xlsx [GEPT] → 31校 33筆 錯誤:0
2026-09-17 11:28:27.8301[39]  INFO HomeController  ImportAll 49/PS南區人數統計表 114學年度(49週).xlsx [PS] → 4校 42筆 錯誤:0
2026-09-17 11:34:54.5963[39]  INFO HomeController  ImportAll 50/2025 07(全國人數表第50週).xlsx [PH] → 26校 763筆 錯誤:0
2026-09-17 11:34:54.5963[39]  INFO HomeController  ImportAll 50/2025 07(全國人數表第50週).xlsx [GEPT] → 31校 30筆 錯誤:0
2026-09-17 11:35:27.4553[39]  INFO HomeController  ImportAll 50/PS南區人數統計表 114學年度(50週).xlsx [PS] → 4校 40筆 錯誤:0
2026-09-17 11:41:56.0734[39]  INFO HomeController  ImportAll 51/2025 07(全國人數表第51週).xlsx [PH] → 26校 758筆 錯誤:0
2026-09-17 11:41:56.0734[39]  INFO HomeController  ImportAll 51/2025 07(全國人數表第51週).xlsx [GEPT] → 31校 23筆 錯誤:0
2026-09-17 11:42:20.2061[39]  INFO HomeController  ImportAll 51/PS南區人數統計表 114學年度(51週).xlsx [PS] → 3校 39筆 錯誤:0
2026-09-17 11:48:44.5648[39]  INFO HomeController  ImportAll 52/2025 07(全國人數表第52週).xlsx [PH] → 26校 748筆 錯誤:0
2026-09-17 11:48:44.5648[39]  INFO HomeController  ImportAll 52/2025 07(全國人數表第52週).xlsx [GEPT] → 31校 20筆 錯誤:0
2026-09-17 11:49:17.9132[39]  INFO HomeController  ImportAll 52/PS南區人數統計表 114學年度(52週).xlsx [PS] → 4校 40筆 錯誤:0
