2026-07-01 13:45:13.7149[13]  INFO HomeController  進入首頁 IsGuest:True IsAuthenticated:True
2026-07-01 13:45:13.7331[13]  INFO HomeController  進入首頁 讀取 Session account: login:
2026-07-01 13:45:13.8836[7]  INFO MemberController  Member Login account: password: 
2026-07-01 13:45:45.0260[41]  INFO HomeController  ImportAll 50/（百倍速）人數統計表更新版115.6.13).xlsx [PSJ] → 0校 0筆 錯誤:0
2026-07-01 13:46:04.1423[41]  INFO HomeController  ImportAll 50/2025 07(全國人數表第50週).xlsx [PH] → 11校 340筆 錯誤:0
2026-07-01 13:46:04.1423[41]  INFO HomeController  ImportAll 50/2025 07(全國人數表第50週).xlsx [GEPT] → 27校 24筆 錯誤:0
2026-07-01 13:46:28.4446[41]  INFO HomeController  ImportAll 50/百瀚全區課輔人數總表(20260613).xlsx [AS] → 3校 14筆 錯誤:0
2026-07-01 13:46:30.5333[41]  INFO HomeController  ImportAll 50/PS南區人數統計表 114學年度(50週).xlsx [PS] → 4校 36筆 錯誤:0
2026-07-01 13:46:34.3386[42]  INFO HomeController  進入首頁 IsGuest:True IsAuthenticated:True
2026-07-01 13:46:34.3386[42]  INFO HomeController  進入首頁 讀取 Session account: login:
2026-07-01 13:46:34.3386[40]  INFO MemberController  Member Login account: password: 
2026-07-01 13:46:46.6297[42]  INFO MemberController  Member Login account:admin password:cloudfun 
2026-07-01 13:46:46.6588[42]  INFO MemberController  進行登入 
2026-07-01 13:46:46.7015[42]  INFO MemberController  進行登入完成 導入 /Index False 
2026-07-01 13:46:46.8557[42]  INFO HomeController  進入首頁 IsGuest:False IsAuthenticated:True
2026-07-01 13:46:46.8557[42]  INFO HomeController  進入首頁
2026-07-01 13:46:50.1806[36]  INFO StudentPopulationController  進入首頁(MainMenu)
2026-07-01 13:46:50.1806[36]  INFO StudentPopulationController  進入首頁確認使用者 User.IsGuest False User.Id 23858d7e-f622-4d15-4a74-08dc7a5137dd
2026-07-01 13:47:47.0914[36]  INFO StudentPopulationController  進入首頁(MainMenu)
2026-07-01 13:47:47.0914[36]  INFO StudentPopulationController  進入首頁確認使用者 User.IsGuest False User.Id 23858d7e-f622-4d15-4a74-08dc7a5137dd
2026-07-01 13:48:09.2797[14]  INFO StudentPopulationController  進入首頁(MainMenu)
2026-07-01 13:48:09.2797[14]  INFO StudentPopulationController  進入首頁確認使用者 User.IsGuest False User.Id 23858d7e-f622-4d15-4a74-08dc7a5137dd
2026-07-01 14:52:28.5750[13]  INFO HomeController  進入首頁 IsGuest:True IsAuthenticated:True
2026-07-01 14:52:28.5906[13]  INFO HomeController  進入首頁 讀取 Session account: login:
2026-07-01 14:52:28.7041[17]  INFO MemberController  Member Login account: password: 
2026-07-01 14:55:56.9033[27]  INFO HomeController  ImportAll 40/（百倍速）人數統計表更新版115.4.04).xlsx [PSJ] → 0校 0筆 錯誤:0
2026-07-01 14:56:49.8857[27]  INFO HomeController  ImportAll 40/2025 07(全國人數表第40週).xlsx [PH] → 23校 734筆 錯誤:1
2026-07-01 14:56:49.8857[27]  INFO HomeController  ImportAll 40/2025 07(全國人數表第40週).xlsx [GEPT] → 27校 27筆 錯誤:0
2026-07-01 14:56:52.9214[27]  INFO HomeController  ImportAll 40/百瀚全區課輔人數總表(20260404).xlsx [AS] → 3校 2筆 錯誤:0
2026-07-01 14:56:56.3985[27]  INFO HomeController  ImportAll 40/PS南區人數統計表 114學年度(40週).xlsx [PS] → 4校 35筆 錯誤:0
2026-07-01 14:56:57.1821[27]  INFO HomeController  ImportAll 41/（百倍速）人數統計表更新版115.4.11).xlsx [PSJ] → 0校 0筆 錯誤:0
2026-07-01 14:58:19.0088[27]  INFO HomeController  ImportAll 41/2025 07(全國人數表第41週).xlsx [PH] → 23校 732筆 錯誤:1
2026-07-01 14:58:19.0088[27]  INFO HomeController  ImportAll 41/2025 07(全國人數表第41週).xlsx [GEPT] → 27校 30筆 錯誤:0
2026-07-01 14:58:20.0926[27]  INFO HomeController  ImportAll 41/百瀚全區課輔人數總表(20260411).xlsx [AS] → 3校 2筆 錯誤:0
2026-07-01 14:58:24.4528[27]  INFO HomeController  ImportAll 41/PS南區人數統計表 114學年度(41週).xlsx [PS] → 4校 36筆 錯誤:0
2026-07-01 14:58:25.1837[27]  INFO HomeController  ImportAll 42/（百倍速）人數統計表更新版115.4.18).xlsx [PSJ] → 0校 0筆 錯誤:0
2026-07-01 15:00:10.2185[27]  INFO HomeController  ImportAll 42/2025 07(全國人數表第42週).xlsx [PH] → 23校 732筆 錯誤:1
2026-07-01 15:00:10.2185[27]  INFO HomeController  ImportAll 42/2025 07(全國人數表第42週).xlsx [GEPT] → 27校 29筆 錯誤:0
2026-07-01 15:00:11.3394[27]  INFO HomeController  ImportAll 42/百瀚全區課輔人數總表(20260418).xlsx [AS] → 3校 2筆 錯誤:0
2026-07-01 15:00:17.8962[27]  INFO HomeController  ImportAll 42/PS南區人數統計表 114學年度(42週).xlsx [PS] → 4校 37筆 錯誤:0
2026-07-01 15:00:18.7350[27]  INFO HomeController  ImportAll 43/（百倍速）人數統計表更新版115.4.25).xlsx [PSJ] → 0校 0筆 錯誤:0
2026-07-01 15:02:26.9366[27]  INFO HomeController  ImportAll 43/2025 07(全國人數表第43週).xlsx [PH] → 23校 725筆 錯誤:1
2026-07-01 15:02:26.9366[27]  INFO HomeController  ImportAll 43/2025 07(全國人數表第43週).xlsx [GEPT] → 27校 28筆 錯誤:0
2026-07-01 15:02:27.8858[27]  INFO HomeController  ImportAll 43/百瀚全區課輔人數總表(20260425).xlsx [AS] → 3校 2筆 錯誤:0
2026-07-01 15:02:33.6435[27]  INFO HomeController  ImportAll 43/PS南區人數統計表 114學年度(43週).xlsx [PS] → 4校 37筆 錯誤:0
2026-07-01 15:02:34.2352[27]  INFO HomeController  ImportAll 44/（百倍速）人數統計表更新版115.5.02).xlsx [PSJ] → 0校 0筆 錯誤:0
2026-07-01 15:04:40.5056[27]  INFO HomeController  ImportAll 44/2025 07(全國人數表第44週).xlsx [PH] → 23校 741筆 錯誤:0
2026-07-01 15:04:40.5056[27]  INFO HomeController  ImportAll 44/2025 07(全國人數表第44週).xlsx [GEPT] → 27校 25筆 錯誤:0
2026-07-01 15:04:41.7829[27]  INFO HomeController  ImportAll 44/百瀚全區課輔人數總表(20260502).xlsx [AS] → 3校 2筆 錯誤:0
2026-07-01 15:04:47.4564[27]  INFO HomeController  ImportAll 44/PS南區人數統計表 114學年度(44週).xlsx [PS] → 4校 35筆 錯誤:0
2026-07-01 15:04:48.1014[27]  INFO HomeController  ImportAll 45/（百倍速）人數統計表更新版115.5.09).xlsx [PSJ] → 0校 0筆 錯誤:0
2026-07-01 15:07:10.1069[27]  INFO HomeController  ImportAll 45/2025 07(全國人數表第45週).xlsx [PH] → 23校 733筆 錯誤:0
2026-07-01 15:07:10.1069[27]  INFO HomeController  ImportAll 45/2025 07(全國人數表第45週).xlsx [GEPT] → 27校 26筆 錯誤:0
2026-07-01 15:07:11.2083[27]  INFO HomeController  ImportAll 45/百瀚全區課輔人數總表(20260509).xlsx [AS] → 3校 2筆 錯誤:0
2026-07-01 15:07:19.0783[27]  INFO HomeController  ImportAll 45/PS南區人數統計表 114學年度(45週).xlsx [PS] → 4校 36筆 錯誤:0
2026-07-01 15:07:19.9109[27]  INFO HomeController  ImportAll 46/（百倍速）人數統計表更新版115.5.16).xlsx [PSJ] → 0校 0筆 錯誤:0
2026-07-01 15:10:16.6614[27]  INFO HomeController  ImportAll 46/2025 07(全國人數表第46週).xlsx [PH] → 23校 736筆 錯誤:0
2026-07-01 15:10:16.6614[27]  INFO HomeController  ImportAll 46/2025 07(全國人數表第46週).xlsx [GEPT] → 27校 25筆 錯誤:0
2026-07-01 15:10:18.6608[27]  INFO HomeController  ImportAll 46/百瀚全區課輔人數總表(20260516).xlsx [AS] → 3校 2筆 錯誤:0
2026-07-01 15:10:28.9107[27]  INFO HomeController  ImportAll 46/PS南區人數統計表 114學年度(46週).xlsx [PS] → 4校 35筆 錯誤:0
2026-07-01 15:10:29.4516[27]  INFO HomeController  ImportAll 47/（百倍速）人數統計表更新版115.5.23).xlsx [PSJ] → 0校 0筆 錯誤:0
2026-07-01 15:14:12.1969[27]  INFO HomeController  ImportAll 47/2025 07(全國人數表第47週).xlsx [PH] → 23校 728筆 錯誤:0
2026-07-01 15:14:12.1972[27]  INFO HomeController  ImportAll 47/2025 07(全國人數表第47週).xlsx [GEPT] → 27校 24筆 錯誤:0
2026-07-01 15:14:13.8944[27]  INFO HomeController  ImportAll 47/百瀚全區課輔人數總表(20260523).xlsx [AS] → 3校 2筆 錯誤:0
2026-07-01 15:14:25.0312[27]  INFO HomeController  ImportAll 47/PS南區人數統計表 114學年度(47週).xlsx [PS] → 4校 35筆 錯誤:0
2026-07-01 15:14:25.7414[27]  INFO HomeController  ImportAll 48/（百倍速）人數統計表更新版115.5.30).xlsx [PSJ] → 0校 0筆 錯誤:0
2026-07-01 15:18:42.3930[27]  INFO HomeController  ImportAll 48/2025 07(全國人數表第48週).xlsx [PH] → 23校 718筆 錯誤:0
2026-07-01 15:18:42.3930[27]  INFO HomeController  ImportAll 48/2025 07(全國人數表第48週).xlsx [GEPT] → 27校 26筆 錯誤:0
2026-07-01 15:18:44.1177[27]  INFO HomeController  ImportAll 48/百瀚全區課輔人數總表(20260530).xlsx [AS] → 3校 2筆 錯誤:0
2026-07-01 15:18:55.0891[27]  INFO HomeController  ImportAll 48/PS南區人數統計表 114學年度(48週).xlsx [PS] → 4校 35筆 錯誤:0
2026-07-01 15:18:55.7705[27]  INFO HomeController  ImportAll 49/（百倍速）人數統計表更新版115.6.06).xlsx [PSJ] → 0校 0筆 錯誤:0
2026-07-01 15:23:38.4348[27]  INFO HomeController  ImportAll 49/2025 07(全國人數表第49週).xlsx [PH] → 23校 725筆 錯誤:0
2026-07-01 15:23:38.4348[27]  INFO HomeController  ImportAll 49/2025 07(全國人數表第49週).xlsx [GEPT] → 27校 25筆 錯誤:0
2026-07-01 15:23:40.3116[27]  INFO HomeController  ImportAll 49/百瀚全區課輔人數總表(20260606).xlsx [AS] → 3校 2筆 錯誤:0
2026-07-01 15:23:54.2732[27]  INFO HomeController  ImportAll 49/PS南區人數統計表 114學年度(49週).xlsx [PS] → 4校 36筆 錯誤:0
2026-07-01 15:23:54.9650[27]  INFO HomeController  ImportAll 50/（百倍速）人數統計表更新版115.6.13).xlsx [PSJ] → 0校 0筆 錯誤:0
2026-07-01 15:28:05.8634[27]  INFO HomeController  ImportAll 50/2025 07(全國人數表第50週).xlsx [PH] → 23校 717筆 錯誤:0
2026-07-01 15:28:05.8634[27]  INFO HomeController  ImportAll 50/2025 07(全國人數表第50週).xlsx [GEPT] → 27校 24筆 錯誤:0
2026-07-01 15:28:07.3050[27]  INFO HomeController  ImportAll 50/百瀚全區課輔人數總表(20260613).xlsx [AS] → 3校 2筆 錯誤:0
2026-07-01 15:28:17.7079[27]  INFO HomeController  ImportAll 50/PS南區人數統計表 114學年度(50週).xlsx [PS] → 4校 36筆 錯誤:0
2026-07-01 16:17:42.6416[11]  INFO HomeController  進入首頁 IsGuest:True IsAuthenticated:True
2026-07-01 16:17:42.6533[11]  INFO HomeController  進入首頁 讀取 Session account: login:
2026-07-01 16:17:42.7811[17]  INFO MemberController  Member Login account: password: 
2026-07-01 16:18:00.9049[13]  INFO MemberController  Member Login account:admin password:cloudfun 
2026-07-01 16:18:01.0190[13]  INFO MemberController  進行登入 
2026-07-01 16:18:01.2379[13]  INFO MemberController  進行登入完成 導入 /Index False 
2026-07-01 16:18:01.4533[17]  INFO HomeController  進入首頁 IsGuest:False IsAuthenticated:True
2026-07-01 16:18:01.4533[17]  INFO HomeController  進入首頁
2026-07-01 16:18:04.8410[18]  INFO StudentPopulationController  進入首頁(MainMenu)
2026-07-01 16:18:04.8410[18]  INFO StudentPopulationController  進入首頁確認使用者 User.IsGuest False User.Id 23858d7e-f622-4d15-4a74-08dc7a5137dd
2026-07-01 16:45:20.1045[9]  INFO HomeController  進入首頁 IsGuest:True IsAuthenticated:True
2026-07-01 16:45:20.1045[9]  INFO HomeController  進入首頁 讀取 Session account: login:
2026-07-01 16:45:20.2517[13]  INFO MemberController  Member Login account: password: 
2026-07-01 16:52:54.9327[25]  INFO HomeController  ImportAll 50/（百倍速）人數統計表更新版115.6.13).xlsx [PSJ] → 0校 0筆 錯誤:0
2026-07-01 16:53:40.1129[25]  INFO HomeController  ImportAll 50/2025 07(全國人數表第50週).xlsx [PH] → 23校 717筆 錯誤:0
2026-07-01 16:53:40.1129[25]  INFO HomeController  ImportAll 50/2025 07(全國人數表第50週).xlsx [GEPT] → 27校 24筆 錯誤:0
2026-07-01 16:53:41.4427[25]  INFO HomeController  ImportAll 50/百瀚全區課輔人數總表(20260613).xlsx [AS] → 3校 14筆 錯誤:0
2026-07-01 16:53:44.2426[25]  INFO HomeController  ImportAll 50/PS南區人數統計表 114學年度(50週).xlsx [PS] → 4校 36筆 錯誤:0
