2026-09-11 11:27:27.2148[10]  INFO HomeController  進入首頁 IsGuest:True IsAuthenticated:True
2026-09-11 11:27:27.2213[10]  INFO HomeController  進入首頁 讀取 Session account: login:0
2026-09-11 11:27:33.5346[12]  INFO HomeController  ImportAll 1/（百倍速）人數統計表更新版114.07.05.xlsx [PSJ] → 0校 0筆 錯誤:1
2026-09-11 11:28:07.2764[12]  INFO HomeController  ImportAll 1/2025 07(全國人數表第01週).xlsx [PH] → 33校 883筆 錯誤:0
2026-09-11 11:28:07.2764[12]  INFO HomeController  ImportAll 1/2025 07(全國人數表第01週).xlsx [GEPT] → 10校 1017筆 錯誤:0
2026-09-11 11:28:08.4719[12]  INFO HomeController  ImportAll 1/PS南區人數統計表 114學年度(01週).xlsx [PS] → 4校 33筆 錯誤:0
2026-09-11 11:28:08.4719[12]  INFO HomeController  ImportAll 2/（百倍速）人數統計表更新版114.07.12.xlsx [PSJ] → 0校 0筆 錯誤:1
2026-09-11 11:28:34.7152[12]  INFO HomeController  ImportAll 2/2025 07(全國人數表第02週).xlsx [PH] → 33校 978筆 錯誤:0
2026-09-11 11:28:34.7152[12]  INFO HomeController  ImportAll 2/2025 07(全國人數表第02週).xlsx [GEPT] → 10校 1028筆 錯誤:0
2026-09-11 11:28:35.6180[12]  INFO HomeController  ImportAll 2/PS南區人數統計表 114學年度(02週).xlsx [PS] → 4校 37筆 錯誤:0
2026-09-11 11:28:35.6379[12]  INFO HomeController  ImportAll 3/（百倍速）人數統計表更新版114.07.19.xlsx [PSJ] → 0校 0筆 錯誤:1
2026-09-11 11:29:00.4852[12]  INFO HomeController  ImportAll 3/2025 07(全國人數表第03週).xlsx [PH] → 33校 1069筆 錯誤:0
2026-09-11 11:29:00.4852[12]  INFO HomeController  ImportAll 3/2025 07(全國人數表第03週).xlsx [GEPT] → 10校 1037筆 錯誤:0
2026-09-11 11:29:01.2566[12]  INFO HomeController  ImportAll 3/PS南區人數統計表 114學年度(03週).xlsx [PS] → 4校 35筆 錯誤:0
2026-09-11 11:29:01.2695[12]  INFO HomeController  ImportAll 4/（百倍速）人數統計表更新版114.07.26.xlsx [PSJ] → 0校 0筆 錯誤:1
2026-09-11 11:29:22.5276[12]  INFO HomeController  ImportAll 4/2025 07(全國人數表第04週).xlsx [PH] → 26校 906筆 錯誤:0
2026-09-11 11:29:22.5276[12]  INFO HomeController  ImportAll 4/2025 07(全國人數表第04週).xlsx [GEPT] → 31校 54筆 錯誤:0
2026-09-11 11:29:23.2586[12]  INFO HomeController  ImportAll 4/PS南區人數統計表 114學年度(04週).xlsx [PS] → 4校 37筆 錯誤:0
2026-09-11 11:29:23.2751[12]  INFO HomeController  ImportAll 5/（百倍速）人數統計表更新版114.08.02.xlsx [PSJ] → 0校 0筆 錯誤:1
2026-09-11 11:29:46.5270[12]  INFO HomeController  ImportAll 5/2025 07(全國人數表第05週).xlsx [PH] → 26校 921筆 錯誤:0
2026-09-11 11:29:46.5270[12]  INFO HomeController  ImportAll 5/2025 07(全國人數表第05週).xlsx [GEPT] → 31校 63筆 錯誤:0
2026-09-11 11:29:47.5210[12]  INFO HomeController  ImportAll 5/PS南區人數統計表 114學年度(05週).xlsx [PS] → 4校 38筆 錯誤:0
2026-09-11 11:29:47.5324[12]  INFO HomeController  ImportAll 6/（百倍速）人數統計表更新版114.08.09.xlsx [PSJ] → 0校 0筆 錯誤:1
2026-09-11 11:30:21.5906[12]  INFO HomeController  ImportAll 6/2025 07(全國人數表第06週).xlsx [PH] → 26校 982筆 錯誤:0
2026-09-11 11:30:21.5906[12]  INFO HomeController  ImportAll 6/2025 07(全國人數表第06週).xlsx [GEPT] → 31校 60筆 錯誤:0
2026-09-11 11:30:23.4500[12]  INFO HomeController  ImportAll 6/PS南區人數統計表 114學年度(06週).xlsx [PS] → 4校 38筆 錯誤:0
2026-09-11 11:30:23.4647[12]  INFO HomeController  ImportAll 7/（百倍速）人數統計表更新版114.08.16.xlsx [PSJ] → 0校 0筆 錯誤:1
2026-09-11 11:30:50.6620[12]  INFO HomeController  ImportAll 7/2025 07(全國人數表第07週).xlsx [PH] → 26校 731筆 錯誤:0
2026-09-11 11:30:50.6620[12]  INFO HomeController  ImportAll 7/2025 07(全國人數表第07週).xlsx [GEPT] → 31校 58筆 錯誤:0
2026-09-11 11:30:52.4572[12]  INFO HomeController  ImportAll 7/PS南區人數統計表 114學年度(07週).xlsx [PS] → 4校 36筆 錯誤:0
2026-09-11 11:30:52.4572[12]  INFO HomeController  ImportAll 8/（百倍速）人數統計表更新版114.08.23.xlsx [PSJ] → 0校 0筆 錯誤:1
2026-09-11 11:31:19.7692[12]  INFO HomeController  ImportAll 8/2025 07(全國人數表第08週).xlsx [PH] → 26校 733筆 錯誤:0
2026-09-11 11:31:19.7692[12]  INFO HomeController  ImportAll 8/2025 07(全國人數表第08週).xlsx [GEPT] → 31校 57筆 錯誤:0
2026-09-11 11:31:21.5082[12]  INFO HomeController  ImportAll 8/PS南區人數統計表 114學年度(08週).xlsx [PS] → 4校 36筆 錯誤:0
2026-09-11 11:31:21.5180[12]  INFO HomeController  ImportAll 9/（百倍速）人數統計表更新版114.08.30.xlsx [PSJ] → 0校 0筆 錯誤:1
2026-09-11 11:31:47.0181[12]  INFO HomeController  ImportAll 9/2025 07(全國人數表第09週).xlsx [PH] → 26校 738筆 錯誤:0
2026-09-11 11:31:47.0181[12]  INFO HomeController  ImportAll 9/2025 07(全國人數表第09週).xlsx [GEPT] → 31校 53筆 錯誤:0
2026-09-11 11:31:48.8988[12]  INFO HomeController  ImportAll 9/PS南區人數統計表 114學年度(09週).xlsx [PS] → 4校 37筆 錯誤:0
2026-09-11 11:31:48.9093[12]  INFO HomeController  ImportAll 10/（百倍速）人數統計表更新版114.09.06.xlsx [PSJ] → 0校 0筆 錯誤:1
2026-09-11 11:32:19.0476[12]  INFO HomeController  ImportAll 10/2025 07(全國人數表第10週).xlsx [PH] → 26校 758筆 錯誤:0
2026-09-11 11:32:19.0476[12]  INFO HomeController  ImportAll 10/2025 07(全國人數表第10週).xlsx [GEPT] → 31校 49筆 錯誤:0
2026-09-11 11:32:20.8386[12]  INFO HomeController  ImportAll 10/PS南區人數統計表 114學年度(10週).xlsx [PS] → 4校 38筆 錯誤:0
2026-09-11 11:32:20.8505[12]  INFO HomeController  ImportAll 11/（百倍速）人數統計表更新版114.09.13.xlsx [PSJ] → 0校 0筆 錯誤:1
2026-09-11 11:32:45.3568[12]  INFO HomeController  ImportAll 11/2025 07(全國人數表第11週).xlsx [PH] → 26校 747筆 錯誤:0
2026-09-11 11:32:45.3568[12]  INFO HomeController  ImportAll 11/2025 07(全國人數表第11週).xlsx [GEPT] → 31校 48筆 錯誤:0
2026-09-11 11:32:47.1089[12]  INFO HomeController  ImportAll 11/PS南區人數統計表 114學年度(11週).xlsx [PS] → 4校 40筆 錯誤:0
2026-09-11 11:32:47.1217[12]  INFO HomeController  ImportAll 12/（百倍速）人數統計表更新版114.09.20.xlsx [PSJ] → 0校 0筆 錯誤:1
2026-09-11 11:33:16.4782[12]  INFO HomeController  ImportAll 12/2025 07(全國人數表第12週).xlsx [PH] → 26校 751筆 錯誤:0
2026-09-11 11:33:16.4782[12]  INFO HomeController  ImportAll 12/2025 07(全國人數表第12週).xlsx [GEPT] → 31校 48筆 錯誤:0
2026-09-11 11:33:18.3810[12]  INFO HomeController  ImportAll 12/PS南區人數統計表 114學年度(12週).xlsx [PS] → 4校 40筆 錯誤:0
2026-09-11 11:33:18.3810[12]  INFO HomeController  ImportAll 13/（百倍速）人數統計表更新版114.09.27.xlsx [PSJ] → 0校 0筆 錯誤:1
2026-09-11 11:33:42.9121[12]  INFO HomeController  ImportAll 13/2025 07(全國人數表第13週).xlsx [PH] → 26校 756筆 錯誤:0
2026-09-11 11:33:42.9121[12]  INFO HomeController  ImportAll 13/2025 07(全國人數表第13週).xlsx [GEPT] → 31校 44筆 錯誤:0
2026-09-11 11:33:44.7603[12]  INFO HomeController  ImportAll 13/PS南區人數統計表 114學年度(13週).xlsx [PS] → 4校 38筆 錯誤:0
2026-09-11 11:33:44.7769[12]  INFO HomeController  ImportAll 14/（百倍速）人數統計表更新版114.10.04.xlsx [PSJ] → 0校 0筆 錯誤:1
2026-09-11 11:34:11.2492[12]  INFO HomeController  ImportAll 14/2025 07(全國人數表第14週).xlsx [PH] → 26校 739筆 錯誤:0
2026-09-11 11:34:11.2492[12]  INFO HomeController  ImportAll 14/2025 07(全國人數表第14週).xlsx [GEPT] → 31校 42筆 錯誤:0
2026-09-11 11:34:12.8669[12]  INFO HomeController  ImportAll 14/PS南區人數統計表 114學年度(14週).xlsx [PS] → 4校 41筆 錯誤:0
2026-09-11 11:34:12.8765[12]  INFO HomeController  ImportAll 15/（百倍速）人數統計表更新版114.10.11.xlsx [PSJ] → 0校 0筆 錯誤:1
2026-09-11 11:34:41.4755[12]  INFO HomeController  ImportAll 15/2025 07(全國人數表第15週).xlsx [PH] → 26校 726筆 錯誤:0
2026-09-11 11:34:41.4755[12]  INFO HomeController  ImportAll 15/2025 07(全國人數表第15週).xlsx [GEPT] → 31校 42筆 錯誤:0
2026-09-11 11:34:43.3068[12]  INFO HomeController  ImportAll 15/PS南區人數統計表 114學年度(15週).xlsx [PS] → 4校 40筆 錯誤:0
2026-09-11 11:34:43.3198[12]  INFO HomeController  ImportAll 16/（百倍速）人數統計表更新版114.10.18.xlsx [PSJ] → 0校 0筆 錯誤:1
2026-09-11 11:35:07.1109[12]  INFO HomeController  ImportAll 16/2025 07(全國人數表第16週).xlsx [PH] → 26校 728筆 錯誤:0
2026-09-11 11:35:07.1109[12]  INFO HomeController  ImportAll 16/2025 07(全國人數表第16週).xlsx [GEPT] → 31校 41筆 錯誤:0
2026-09-11 11:35:08.8517[12]  INFO HomeController  ImportAll 16/PS南區人數統計表 114學年度(16週).xlsx [PS] → 4校 39筆 錯誤:0
2026-09-11 11:35:08.8636[12]  INFO HomeController  ImportAll 17/（百倍速）人數統計表更新版114.10.25.xlsx [PSJ] → 0校 0筆 錯誤:1
2026-09-11 11:35:33.1755[12]  INFO HomeController  ImportAll 17/2025 07(全國人數表第17週).xlsx [PH] → 26校 733筆 錯誤:0
2026-09-11 11:35:33.1755[12]  INFO HomeController  ImportAll 17/2025 07(全國人數表第17週).xlsx [GEPT] → 31校 42筆 錯誤:0
2026-09-11 11:35:34.8407[12]  INFO HomeController  ImportAll 17/PS南區人數統計表 114學年度(17週).xlsx [PS] → 4校 39筆 錯誤:0
2026-09-11 11:35:34.8520[12]  INFO HomeController  ImportAll 18/（百倍速）人數統計表更新版114.11.01.xlsx [PSJ] → 0校 0筆 錯誤:1
2026-09-11 11:36:03.6036[12]  INFO HomeController  ImportAll 18/2025 07(全國人數表第18週).xlsx [PH] → 26校 737筆 錯誤:0
2026-09-11 11:36:03.6036[12]  INFO HomeController  ImportAll 18/2025 07(全國人數表第18週).xlsx [GEPT] → 31校 41筆 錯誤:0
2026-09-11 11:36:05.4803[12]  INFO HomeController  ImportAll 18/PS南區人數統計表 114學年度(18週).xlsx [PS] → 4校 39筆 錯誤:0
2026-09-11 11:36:05.4932[12]  INFO HomeController  ImportAll 19/（百倍速）人數統計表更新版114.11.08.xlsx [PSJ] → 0校 0筆 錯誤:1
2026-09-11 11:36:34.0312[12]  INFO HomeController  ImportAll 19/2025 07(全國人數表第19週).xlsx [PH] → 26校 744筆 錯誤:0
2026-09-11 11:36:34.0312[12]  INFO HomeController  ImportAll 19/2025 07(全國人數表第19週).xlsx [GEPT] → 31校 41筆 錯誤:0
2026-09-11 11:36:35.5697[12]  INFO HomeController  ImportAll 19/PS南區人數統計表 114學年度(19週).xlsx [PS] → 4校 41筆 錯誤:0
2026-09-11 11:36:35.5810[12]  INFO HomeController  ImportAll 20/（百倍速）人數統計表更新版114.11.15.xlsx [PSJ] → 0校 0筆 錯誤:1
2026-09-11 11:36:52.8438[12]  INFO HomeController  ImportAll 20/2025 07(全國人數表第20週).xlsx [PH] → 26校 731筆 錯誤:0
2026-09-11 11:36:52.8438[12]  INFO HomeController  ImportAll 20/2025 07(全國人數表第20週).xlsx [GEPT] → 31校 36筆 錯誤:0
2026-09-11 11:36:53.6507[12]  INFO HomeController  ImportAll 20/PS南區人數統計表 114學年度(20週).xlsx [PS] → 4校 39筆 錯誤:0
2026-09-11 11:36:53.6667[12]  INFO HomeController  ImportAll 21/（百倍速）人數統計表更新版114.11.22.xlsx [PSJ] → 0校 0筆 錯誤:1
2026-09-11 11:37:09.1423[12]  INFO HomeController  ImportAll 21/2025 07(全國人數表第21週)1203update.xlsx [PH] → 26校 735筆 錯誤:0
2026-09-11 11:37:09.1423[12]  INFO HomeController  ImportAll 21/2025 07(全國人數表第21週)1203update.xlsx [GEPT] → 31校 33筆 錯誤:0
2026-09-11 11:37:10.1334[12]  INFO HomeController  ImportAll 21/PS南區人數統計表 114學年度(21週).xlsx [PS] → 4校 42筆 錯誤:0
2026-09-11 11:37:10.1441[12]  INFO HomeController  ImportAll 22/（百倍速）人數統計表更新版114.11.29.xlsx [PSJ] → 0校 0筆 錯誤:1
2026-09-11 11:37:28.0390[12]  INFO HomeController  ImportAll 22/2025 07(全國人數表第22週).xlsx [PH] → 26校 743筆 錯誤:0
2026-09-11 11:37:28.0390[12]  INFO HomeController  ImportAll 22/2025 07(全國人數表第22週).xlsx [GEPT] → 31校 31筆 錯誤:0
2026-09-11 11:37:30.0522[12]  INFO HomeController  ImportAll 22/PS南區人數統計表 114學年度(22週).xlsx [PS] → 4校 40筆 錯誤:0
2026-09-11 11:37:30.0642[12]  INFO HomeController  ImportAll 23/（百倍速）人數統計表更新版114.12.06.xlsx [PSJ] → 0校 0筆 錯誤:1
2026-09-11 11:37:56.3176[12]  INFO HomeController  ImportAll 23/2025 07(全國人數表第23週).xlsx [PH] → 26校 751筆 錯誤:0
2026-09-11 11:37:56.3176[12]  INFO HomeController  ImportAll 23/2025 07(全國人數表第23週).xlsx [GEPT] → 31校 29筆 錯誤:0
2026-09-11 11:37:57.4162[12]  INFO HomeController  ImportAll 23/PS南區人數統計表 114學年度(23週).xlsx [PS] → 4校 45筆 錯誤:0
2026-09-11 11:37:57.4257[12]  INFO HomeController  ImportAll 24/（百倍速）人數統計表更新版114.12.13.xlsx [PSJ] → 0校 0筆 錯誤:1
2026-09-11 11:38:13.6115[12]  INFO HomeController  ImportAll 24/2025 07(全國人數表第24週).xlsx [PH] → 26校 743筆 錯誤:0
2026-09-11 11:38:13.6115[12]  INFO HomeController  ImportAll 24/2025 07(全國人數表第24週).xlsx [GEPT] → 31校 32筆 錯誤:0
2026-09-11 11:38:14.5691[12]  INFO HomeController  ImportAll 24/PS南區人數統計表 114學年度(24週).xlsx [PS] → 4校 44筆 錯誤:0
2026-09-11 11:38:14.5792[12]  INFO HomeController  ImportAll 25/（百倍速）人數統計表更新版114.12.20.xlsx [PSJ] → 0校 0筆 錯誤:1
2026-09-11 11:38:29.9277[12]  INFO HomeController  ImportAll 25/2025 07(全國人數表第25週).xlsx [PH] → 26校 748筆 錯誤:0
2026-09-11 11:38:29.9277[12]  INFO HomeController  ImportAll 25/2025 07(全國人數表第25週).xlsx [GEPT] → 31校 31筆 錯誤:0
2026-09-11 11:38:30.9178[12]  INFO HomeController  ImportAll 25/PS南區人數統計表 114學年度(25週).xlsx [PS] → 4校 45筆 錯誤:0
2026-09-11 11:38:30.9394[12]  INFO HomeController  ImportAll 26/（百倍速）人數統計表更新版114.12.27.xlsx [PSJ] → 0校 0筆 錯誤:1
2026-09-11 11:38:51.4644[12]  INFO HomeController  ImportAll 26/2025 07(全國人數表第26週).xlsx [PH] → 26校 752筆 錯誤:0
2026-09-11 11:38:51.4644[12]  INFO HomeController  ImportAll 26/2025 07(全國人數表第26週).xlsx [GEPT] → 31校 32筆 錯誤:0
2026-09-11 11:38:52.4053[12]  INFO HomeController  ImportAll 26/PS南區人數統計表 114學年度(26週).xlsx [PS] → 4校 45筆 錯誤:0
2026-09-11 11:38:52.4264[12]  INFO HomeController  ImportAll 27/（百倍速）人數統計表更新版115.1.03.xlsx [PSJ] → 0校 0筆 錯誤:1
2026-09-11 11:39:10.9817[12]  INFO HomeController  ImportAll 27/2025 07(全國人數表第27週).xlsx [PH] → 26校 756筆 錯誤:0
2026-09-11 11:39:10.9817[12]  INFO HomeController  ImportAll 27/2025 07(全國人數表第27週).xlsx [GEPT] → 31校 28筆 錯誤:0
2026-09-11 11:39:11.9992[12]  INFO HomeController  ImportAll 27/PS南區人數統計表 114學年度(27週).xlsx [PS] → 4校 45筆 錯誤:0
2026-09-11 11:39:12.0164[12]  INFO HomeController  ImportAll 28/（百倍速）人數統計表更新版115.1.10.xlsx [PSJ] → 0校 0筆 錯誤:1
2026-09-11 11:39:31.0172[12]  INFO HomeController  ImportAll 28/2025 07(全國人數表第28週).xlsx [PH] → 26校 751筆 錯誤:0
2026-09-11 11:39:31.0172[12]  INFO HomeController  ImportAll 28/2025 07(全國人數表第28週).xlsx [GEPT] → 31校 24筆 錯誤:0
2026-09-11 11:39:32.0187[12]  INFO HomeController  ImportAll 28/PS南區人數統計表 114學年度(28週).xlsx [PS] → 4校 42筆 錯誤:0
2026-09-11 11:39:32.0187[12]  INFO HomeController  ImportAll 29/（百倍速）人數統計表更新版115.1.17.xlsx [PSJ] → 0校 0筆 錯誤:1
2026-09-11 11:39:53.0265[12]  INFO HomeController  ImportAll 29/2025 07(全國人數表第29週).xlsx [PH] → 26校 746筆 錯誤:0
2026-09-11 11:39:53.0265[12]  INFO HomeController  ImportAll 29/2025 07(全國人數表第29週).xlsx [GEPT] → 31校 24筆 錯誤:0
2026-09-11 11:39:54.0602[12]  INFO HomeController  ImportAll 29/PS南區人數統計表 114學年度(29週).xlsx [PS] → 4校 44筆 錯誤:0
2026-09-11 11:39:54.0740[12]  INFO HomeController  ImportAll 30/（百倍速）人數統計表更新版115.1.24.xlsx [PSJ] → 0校 0筆 錯誤:1
2026-09-11 11:40:14.5327[12]  INFO HomeController  ImportAll 30/2025 07(全國人數表第30週).xlsx [PH] → 26校 734筆 錯誤:0
2026-09-11 11:40:14.5327[12]  INFO HomeController  ImportAll 30/2025 07(全國人數表第30週).xlsx [GEPT] → 31校 32筆 錯誤:0
2026-09-11 11:40:15.5202[12]  INFO HomeController  ImportAll 30/PS南區人數統計表 114學年度(30週).xlsx [PS] → 4校 42筆 錯誤:0
2026-09-11 11:40:15.5386[12]  INFO HomeController  ImportAll 31/（百倍速）人數統計表更新版115.1.31.xlsx [PSJ] → 0校 0筆 錯誤:1
2026-09-11 11:40:35.0811[12]  INFO HomeController  ImportAll 31/2025 07(全國人數表第31週).xlsx [PH] → 26校 732筆 錯誤:0
2026-09-11 11:40:35.0811[12]  INFO HomeController  ImportAll 31/2025 07(全國人數表第31週).xlsx [GEPT] → 31校 39筆 錯誤:0
2026-09-11 11:40:36.0883[12]  INFO HomeController  ImportAll 31/PS南區人數統計表 114學年度(31週).xlsx [PS] → 4校 44筆 錯誤:0
2026-09-11 11:40:36.1011[12]  INFO HomeController  ImportAll 32/（百倍速）人數統計表更新版115.2.07.xlsx [PSJ] → 0校 0筆 錯誤:1
2026-09-11 11:40:57.6116[12]  INFO HomeController  ImportAll 32/2025 07(全國人數表第32週).xlsx [PH] → 26校 733筆 錯誤:0
2026-09-11 11:40:57.6116[12]  INFO HomeController  ImportAll 32/2025 07(全國人數表第32週).xlsx [GEPT] → 31校 39筆 錯誤:0
2026-09-11 11:40:58.7056[12]  INFO HomeController  ImportAll 32/PS南區人數統計表 114學年度(32週).xlsx [PS] → 4校 43筆 錯誤:0
2026-09-11 11:40:58.7056[12]  INFO HomeController  ImportAll 33/（百倍速）人數統計表更新版115.2.14).xlsx [PSJ] → 0校 0筆 錯誤:1
2026-09-11 11:41:19.8445[12]  INFO HomeController  ImportAll 33/2025 07(全國人數表第33週).xlsx [PH] → 26校 712筆 錯誤:0
2026-09-11 11:41:19.8445[12]  INFO HomeController  ImportAll 33/2025 07(全國人數表第33週).xlsx [GEPT] → 31校 40筆 錯誤:0
2026-09-11 11:41:20.9302[12]  INFO HomeController  ImportAll 33/PS南區人數統計表 114學年度(33週).xlsx [PS] → 4校 43筆 錯誤:0
2026-09-11 11:41:20.9417[12]  INFO HomeController  ImportAll 34/（百倍速）人數統計表更新版115.2.21).xlsx [PSJ] → 0校 0筆 錯誤:1
2026-09-11 11:41:41.8930[12]  INFO HomeController  ImportAll 34/2025 07(全國人數表第34週).xlsx [PH] → 26校 709筆 錯誤:0
2026-09-11 11:41:41.8930[12]  INFO HomeController  ImportAll 34/2025 07(全國人數表第34週).xlsx [GEPT] → 31校 38筆 錯誤:0
2026-09-11 11:41:43.1979[12]  INFO HomeController  ImportAll 34/PS南區人數統計表 114學年度(34週).xlsx [PS] → 4校 42筆 錯誤:0
2026-09-11 11:41:43.2110[12]  INFO HomeController  ImportAll 35/（百倍速）人數統計表更新版115.2.28).xlsx [PSJ] → 0校 0筆 錯誤:1
2026-09-11 11:42:04.5549[12]  INFO HomeController  ImportAll 35/2025 07(全國人數表第35週).xlsx [PH] → 26校 723筆 錯誤:0
2026-09-11 11:42:04.5549[12]  INFO HomeController  ImportAll 35/2025 07(全國人數表第35週).xlsx [GEPT] → 31校 38筆 錯誤:0
2026-09-11 11:42:05.5793[12]  INFO HomeController  ImportAll 35/PS南區人數統計表 114學年度(35週).xlsx [PS] → 4校 43筆 錯誤:0
2026-09-11 11:42:05.5793[12]  INFO HomeController  ImportAll 36/（百倍速）人數統計表更新版115.3.07).xlsx [PSJ] → 0校 0筆 錯誤:1
2026-09-11 11:42:27.2119[12]  INFO HomeController  ImportAll 36/2025 07(全國人數表第36週).xlsx [PH] → 26校 732筆 錯誤:0
2026-09-11 11:42:27.2119[12]  INFO HomeController  ImportAll 36/2025 07(全國人數表第36週).xlsx [GEPT] → 31校 38筆 錯誤:0
2026-09-11 11:42:28.3354[12]  INFO HomeController  ImportAll 36/PS南區人數統計表 114學年度(36週).xlsx [PS] → 4校 46筆 錯誤:0
2026-09-11 11:42:28.3488[12]  INFO HomeController  ImportAll 37/（百倍速）人數統計表更新版115.3.14).xlsx [PSJ] → 0校 0筆 錯誤:1
2026-09-11 11:42:47.3640[12]  INFO HomeController  ImportAll 37/2025 07(全國人數表第37週).xlsx [PH] → 26校 719筆 錯誤:0
2026-09-11 11:42:47.3640[12]  INFO HomeController  ImportAll 37/2025 07(全國人數表第37週).xlsx [GEPT] → 31校 39筆 錯誤:0
2026-09-11 11:42:48.5170[12]  INFO HomeController  ImportAll 37/PS南區人數統計表 114學年度(37週).xlsx [PS] → 4校 43筆 錯誤:0
2026-09-11 11:42:48.5170[12]  INFO HomeController  ImportAll 38/（百倍速）人數統計表更新版115.3.21).xlsx [PSJ] → 0校 0筆 錯誤:1
2026-09-11 11:43:08.1524[12]  INFO HomeController  ImportAll 38/2025 07(全國人數表第38週).xlsx [PH] → 26校 735筆 錯誤:0
2026-09-11 11:43:08.1524[12]  INFO HomeController  ImportAll 38/2025 07(全國人數表第38週).xlsx [GEPT] → 31校 38筆 錯誤:0
2026-09-11 11:43:09.2449[12]  INFO HomeController  ImportAll 38/PS南區人數統計表 114學年度(38週).xlsx [PS] → 4校 42筆 錯誤:0
2026-09-11 11:43:09.2555[12]  INFO HomeController  ImportAll 39/（百倍速）人數統計表更新版115.3.28).xlsx [PSJ] → 0校 0筆 錯誤:1
2026-09-11 11:43:31.1176[12]  INFO HomeController  ImportAll 39/2025 07(全國人數表第39週)修正.xlsx [PH] → 26校 710筆 錯誤:0
2026-09-11 11:43:31.1176[12]  INFO HomeController  ImportAll 39/2025 07(全國人數表第39週)修正.xlsx [GEPT] → 31校 32筆 錯誤:0
2026-09-11 11:43:32.3727[12]  INFO HomeController  ImportAll 39/PS南區人數統計表 114學年度(39週).xlsx [PS] → 4校 43筆 錯誤:0
2026-09-11 11:43:32.3868[12]  INFO HomeController  ImportAll 40/（百倍速）人數統計表更新版115.4.04).xlsx [PSJ] → 0校 0筆 錯誤:1
2026-09-11 11:43:54.2102[12]  INFO HomeController  ImportAll 40/2025 07(全國人數表第40週).xlsx [PH] → 26校 710筆 錯誤:0
2026-09-11 11:43:54.2102[12]  INFO HomeController  ImportAll 40/2025 07(全國人數表第40週).xlsx [GEPT] → 31校 31筆 錯誤:0
2026-09-11 11:43:55.3317[12]  INFO HomeController  ImportAll 40/PS南區人數統計表 114學年度(40週).xlsx [PS] → 4校 42筆 錯誤:0
2026-09-11 11:43:55.3317[12]  INFO HomeController  ImportAll 41/（百倍速）人數統計表更新版115.4.11).xlsx [PSJ] → 0校 0筆 錯誤:1
2026-09-11 11:44:16.8415[12]  INFO HomeController  ImportAll 41/2025 07(全國人數表第41週).xlsx [PH] → 26校 706筆 錯誤:0
2026-09-11 11:44:16.8415[12]  INFO HomeController  ImportAll 41/2025 07(全國人數表第41週).xlsx [GEPT] → 31校 36筆 錯誤:0
2026-09-11 11:44:18.0172[12]  INFO HomeController  ImportAll 41/PS南區人數統計表 114學年度(41週).xlsx [PS] → 4校 43筆 錯誤:0
2026-09-11 11:44:18.0172[12]  INFO HomeController  ImportAll 42/（百倍速）人數統計表更新版115.4.18).xlsx [PSJ] → 0校 0筆 錯誤:1
2026-09-11 11:44:40.2423[12]  INFO HomeController  ImportAll 42/2025 07(全國人數表第42週).xlsx [PH] → 26校 711筆 錯誤:0
2026-09-11 11:44:40.2423[12]  INFO HomeController  ImportAll 42/2025 07(全國人數表第42週).xlsx [GEPT] → 31校 35筆 錯誤:0
2026-09-11 11:44:41.4864[12]  INFO HomeController  ImportAll 42/PS南區人數統計表 114學年度(42週).xlsx [PS] → 4校 44筆 錯誤:0
2026-09-11 11:44:41.4864[12]  INFO HomeController  ImportAll 43/（百倍速）人數統計表更新版115.4.25).xlsx [PSJ] → 0校 0筆 錯誤:1
2026-09-11 11:45:00.6024[12]  INFO HomeController  ImportAll 43/2025 07(全國人數表第43週).xlsx [PH] → 26校 700筆 錯誤:0
2026-09-11 11:45:00.6024[12]  INFO HomeController  ImportAll 43/2025 07(全國人數表第43週).xlsx [GEPT] → 31校 36筆 錯誤:0
2026-09-11 11:45:01.8176[12]  INFO HomeController  ImportAll 43/PS南區人數統計表 114學年度(43週).xlsx [PS] → 4校 44筆 錯誤:0
2026-09-11 11:45:01.8327[12]  INFO HomeController  ImportAll 44/（百倍速）人數統計表更新版115.5.02).xlsx [PSJ] → 0校 0筆 錯誤:1
2026-09-11 11:45:24.2094[12]  INFO HomeController  ImportAll 44/2025 07(全國人數表第44週).xlsx [PH] → 26校 712筆 錯誤:0
2026-09-11 11:45:24.2094[12]  INFO HomeController  ImportAll 44/2025 07(全國人數表第44週).xlsx [GEPT] → 31校 34筆 錯誤:0
2026-09-11 11:45:25.4912[12]  INFO HomeController  ImportAll 44/PS南區人數統計表 114學年度(44週).xlsx [PS] → 4校 42筆 錯誤:0
2026-09-11 11:45:25.5035[12]  INFO HomeController  ImportAll 45/（百倍速）人數統計表更新版115.5.09).xlsx [PSJ] → 0校 0筆 錯誤:1
2026-09-11 11:45:43.1919[12]  INFO HomeController  ImportAll 45/2025 07(全國人數表第45週).xlsx [PH] → 26校 709筆 錯誤:0
2026-09-11 11:45:43.1919[12]  INFO HomeController  ImportAll 45/2025 07(全國人數表第45週).xlsx [GEPT] → 31校 35筆 錯誤:0
2026-09-11 11:45:44.4175[12]  INFO HomeController  ImportAll 45/PS南區人數統計表 114學年度(45週).xlsx [PS] → 4校 43筆 錯誤:0
2026-09-11 11:45:44.4280[12]  INFO HomeController  ImportAll 46/（百倍速）人數統計表更新版115.5.16).xlsx [PSJ] → 0校 0筆 錯誤:1
2026-09-11 11:46:02.4182[12]  INFO HomeController  ImportAll 46/2025 07(全國人數表第46週).xlsx [PH] → 26校 717筆 錯誤:0
2026-09-11 11:46:02.4182[12]  INFO HomeController  ImportAll 46/2025 07(全國人數表第46週).xlsx [GEPT] → 31校 33筆 錯誤:0
2026-09-11 11:46:03.9823[12]  INFO HomeController  ImportAll 46/PS南區人數統計表 114學年度(46週).xlsx [PS] → 4校 42筆 錯誤:0
2026-09-11 11:46:03.9941[12]  INFO HomeController  ImportAll 47/（百倍速）人數統計表更新版115.5.23).xlsx [PSJ] → 0校 0筆 錯誤:1
2026-09-11 11:46:26.9836[12]  INFO HomeController  ImportAll 47/2025 07(全國人數表第47週).xlsx [PH] → 26校 781筆 錯誤:0
2026-09-11 11:46:26.9836[12]  INFO HomeController  ImportAll 47/2025 07(全國人數表第47週).xlsx [GEPT] → 31校 32筆 錯誤:0
2026-09-11 11:46:28.1991[12]  INFO HomeController  ImportAll 47/PS南區人數統計表 114學年度(47週).xlsx [PS] → 4校 42筆 錯誤:0
2026-09-11 11:46:28.2125[12]  INFO HomeController  ImportAll 48/（百倍速）人數統計表更新版115.5.30).xlsx [PSJ] → 0校 0筆 錯誤:1
2026-09-11 11:46:49.4754[12]  INFO HomeController  ImportAll 48/2025 07(全國人數表第48週).xlsx [PH] → 26校 770筆 錯誤:0
2026-09-11 11:46:49.4754[12]  INFO HomeController  ImportAll 48/2025 07(全國人數表第48週).xlsx [GEPT] → 31校 32筆 錯誤:0
2026-09-11 11:46:50.8107[12]  INFO HomeController  ImportAll 48/PS南區人數統計表 114學年度(48週).xlsx [PS] → 4校 42筆 錯誤:0
2026-09-11 11:46:50.8223[12]  INFO HomeController  ImportAll 49/（百倍速）人數統計表更新版115.6.06).xlsx [PSJ] → 0校 0筆 錯誤:1
2026-09-11 11:47:14.5273[12]  INFO HomeController  ImportAll 49/2025 07(全國人數表第49週).xlsx [PH] → 26校 774筆 錯誤:0
2026-09-11 11:47:14.5273[12]  INFO HomeController  ImportAll 49/2025 07(全國人數表第49週).xlsx [GEPT] → 31校 33筆 錯誤:0
2026-09-11 11:47:15.8003[12]  INFO HomeController  ImportAll 49/PS南區人數統計表 114學年度(49週).xlsx [PS] → 4校 43筆 錯誤:0
2026-09-11 11:47:15.8135[12]  INFO HomeController  ImportAll 50/（百倍速）人數統計表更新版115.6.13).xlsx [PSJ] → 0校 0筆 錯誤:1
2026-09-11 11:47:34.6670[12]  INFO HomeController  ImportAll 50/2025 07(全國人數表第50週).xlsx [PH] → 26校 763筆 錯誤:0
2026-09-11 11:47:34.6670[12]  INFO HomeController  ImportAll 50/2025 07(全國人數表第50週).xlsx [GEPT] → 31校 30筆 錯誤:0
2026-09-11 11:47:35.8960[12]  INFO HomeController  ImportAll 50/PS南區人數統計表 114學年度(50週).xlsx [PS] → 4校 42筆 錯誤:0
2026-09-11 11:47:35.9063[12]  INFO HomeController  ImportAll 51/（百倍速）人數統計表更新版115.6.20).xlsx [PSJ] → 0校 0筆 錯誤:1
2026-09-11 11:47:54.9379[12]  INFO HomeController  ImportAll 51/2025 07(全國人數表第51週).xlsx [PH] → 26校 758筆 錯誤:0
2026-09-11 11:47:54.9379[12]  INFO HomeController  ImportAll 51/2025 07(全國人數表第51週).xlsx [GEPT] → 31校 23筆 錯誤:0
2026-09-11 11:47:55.9731[12]  INFO HomeController  ImportAll 51/PS南區人數統計表 114學年度(51週).xlsx [PS] → 3校 39筆 錯誤:0
2026-09-11 11:47:55.9731[12]  INFO HomeController  ImportAll 52/（百倍速）人數統計表更新版115.6.27).xlsx [PSJ] → 0校 0筆 錯誤:1
2026-09-11 11:48:16.0849[12]  INFO HomeController  ImportAll 52/2025 07(全國人數表第52週).xlsx [PH] → 26校 748筆 錯誤:0
2026-09-11 11:48:16.0849[12]  INFO HomeController  ImportAll 52/2025 07(全國人數表第52週).xlsx [GEPT] → 31校 20筆 錯誤:0
2026-09-11 11:48:17.6855[12]  INFO HomeController  ImportAll 52/PS南區人數統計表 114學年度(52週).xlsx [PS] → 4校 40筆 錯誤:0
2026-09-11 14:34:18.5345[16]  INFO HomeController  ImportAll 1/（百倍速）人數統計表更新版114.07.05.xlsx [PSJ] → 0校 0筆 錯誤:1
2026-09-11 14:38:51.5309[16]  INFO HomeController  ImportAll 1/2025 07(全國人數表第01週).xlsx [PH] → 33校 883筆 錯誤:0
2026-09-11 14:38:51.5309[16]  INFO HomeController  ImportAll 1/2025 07(全國人數表第01週).xlsx [GEPT] → 10校 1017筆 錯誤:0
2026-09-11 14:39:10.3644[16]  INFO HomeController  ImportAll 1/PS南區人數統計表 114學年度(01週).xlsx [PS] → 4校 33筆 錯誤:0
2026-09-11 14:39:10.3764[16]  INFO HomeController  ImportAll 2/（百倍速）人數統計表更新版114.07.12.xlsx [PSJ] → 0校 0筆 錯誤:1
2026-09-11 14:43:35.8079[16]  INFO HomeController  ImportAll 2/2025 07(全國人數表第02週).xlsx [PH] → 33校 978筆 錯誤:0
2026-09-11 14:43:35.8079[16]  INFO HomeController  ImportAll 2/2025 07(全國人數表第02週).xlsx [GEPT] → 10校 1028筆 錯誤:0
2026-09-11 14:43:51.9931[16]  INFO HomeController  ImportAll 2/PS南區人數統計表 114學年度(02週).xlsx [PS] → 4校 37筆 錯誤:0
2026-09-11 14:43:52.0063[16]  INFO HomeController  ImportAll 3/（百倍速）人數統計表更新版114.07.19.xlsx [PSJ] → 0校 0筆 錯誤:1
2026-09-11 14:48:21.2077[16]  INFO HomeController  ImportAll 3/2025 07(全國人數表第03週).xlsx [PH] → 33校 1069筆 錯誤:0
2026-09-11 14:48:21.2077[16]  INFO HomeController  ImportAll 3/2025 07(全國人數表第03週).xlsx [GEPT] → 10校 1037筆 錯誤:0
2026-09-11 14:48:37.8162[16]  INFO HomeController  ImportAll 3/PS南區人數統計表 114學年度(03週).xlsx [PS] → 4校 35筆 錯誤:0
2026-09-11 14:48:37.8321[16]  INFO HomeController  ImportAll 4/（百倍速）人數統計表更新版114.07.26.xlsx [PSJ] → 0校 0筆 錯誤:1
2026-09-11 14:54:04.4261[16]  INFO HomeController  ImportAll 4/2025 07(全國人數表第04週).xlsx [PH] → 26校 906筆 錯誤:0
2026-09-11 14:54:04.4261[16]  INFO HomeController  ImportAll 4/2025 07(全國人數表第04週).xlsx [GEPT] → 31校 54筆 錯誤:0
2026-09-11 14:54:21.3200[16]  INFO HomeController  ImportAll 4/PS南區人數統計表 114學年度(04週).xlsx [PS] → 4校 37筆 錯誤:0
2026-09-11 14:54:21.3307[16]  INFO HomeController  ImportAll 5/（百倍速）人數統計表更新版114.08.02.xlsx [PSJ] → 0校 0筆 錯誤:1
2026-09-11 14:59:57.3730[16]  INFO HomeController  ImportAll 5/2025 07(全國人數表第05週).xlsx [PH] → 26校 921筆 錯誤:0
2026-09-11 14:59:57.3730[16]  INFO HomeController  ImportAll 5/2025 07(全國人數表第05週).xlsx [GEPT] → 31校 63筆 錯誤:0
2026-09-11 15:00:14.6909[16]  INFO HomeController  ImportAll 5/PS南區人數統計表 114學年度(05週).xlsx [PS] → 4校 38筆 錯誤:0
2026-09-11 15:00:14.7038[16]  INFO HomeController  ImportAll 6/（百倍速）人數統計表更新版114.08.09.xlsx [PSJ] → 0校 0筆 錯誤:1
2026-09-11 15:05:54.5941[16]  INFO HomeController  ImportAll 6/2025 07(全國人數表第06週).xlsx [PH] → 26校 982筆 錯誤:0
2026-09-11 15:05:54.5941[16]  INFO HomeController  ImportAll 6/2025 07(全國人數表第06週).xlsx [GEPT] → 31校 60筆 錯誤:0
2026-09-11 15:06:12.1789[16]  INFO HomeController  ImportAll 6/PS南區人數統計表 114學年度(06週).xlsx [PS] → 4校 38筆 錯誤:0
2026-09-11 15:06:12.1911[16]  INFO HomeController  ImportAll 7/（百倍速）人數統計表更新版114.08.16.xlsx [PSJ] → 0校 0筆 錯誤:1
2026-09-11 15:11:44.4093[16]  INFO HomeController  ImportAll 7/2025 07(全國人數表第07週).xlsx [PH] → 26校 731筆 錯誤:0
2026-09-11 15:11:44.4093[16]  INFO HomeController  ImportAll 7/2025 07(全國人數表第07週).xlsx [GEPT] → 31校 58筆 錯誤:0
2026-09-11 15:12:02.5000[16]  INFO HomeController  ImportAll 7/PS南區人數統計表 114學年度(07週).xlsx [PS] → 4校 36筆 錯誤:0
2026-09-11 15:12:02.5000[16]  INFO HomeController  ImportAll 8/（百倍速）人數統計表更新版114.08.23.xlsx [PSJ] → 0校 0筆 錯誤:1
2026-09-11 15:17:36.4315[16]  INFO HomeController  ImportAll 8/2025 07(全國人數表第08週).xlsx [PH] → 26校 733筆 錯誤:0
2026-09-11 15:17:36.4315[16]  INFO HomeController  ImportAll 8/2025 07(全國人數表第08週).xlsx [GEPT] → 31校 57筆 錯誤:0
2026-09-11 15:17:54.8406[16]  INFO HomeController  ImportAll 8/PS南區人數統計表 114學年度(08週).xlsx [PS] → 4校 36筆 錯誤:0
2026-09-11 15:17:54.8551[16]  INFO HomeController  ImportAll 9/（百倍速）人數統計表更新版114.08.30.xlsx [PSJ] → 0校 0筆 錯誤:1
2026-09-11 15:23:28.7815[16]  INFO HomeController  ImportAll 9/2025 07(全國人數表第09週).xlsx [PH] → 26校 738筆 錯誤:0
2026-09-11 15:23:28.7815[16]  INFO HomeController  ImportAll 9/2025 07(全國人數表第09週).xlsx [GEPT] → 31校 53筆 錯誤:0
2026-09-11 15:23:47.5722[16]  INFO HomeController  ImportAll 9/PS南區人數統計表 114學年度(09週).xlsx [PS] → 4校 37筆 錯誤:0
2026-09-11 15:23:47.5851[16]  INFO HomeController  ImportAll 10/（百倍速）人數統計表更新版114.09.06.xlsx [PSJ] → 0校 0筆 錯誤:1
2026-09-11 15:29:29.6686[16]  INFO HomeController  ImportAll 10/2025 07(全國人數表第10週).xlsx [PH] → 26校 758筆 錯誤:0
2026-09-11 15:29:29.6686[16]  INFO HomeController  ImportAll 10/2025 07(全國人數表第10週).xlsx [GEPT] → 31校 49筆 錯誤:0
2026-09-11 15:29:50.9422[16]  INFO HomeController  ImportAll 10/PS南區人數統計表 114學年度(10週).xlsx [PS] → 4校 38筆 錯誤:0
2026-09-11 15:29:50.9573[16]  INFO HomeController  ImportAll 11/（百倍速）人數統計表更新版114.09.13.xlsx [PSJ] → 0校 0筆 錯誤:1
2026-09-11 15:35:34.7063[16]  INFO HomeController  ImportAll 11/2025 07(全國人數表第11週).xlsx [PH] → 26校 747筆 錯誤:0
2026-09-11 15:35:34.7063[16]  INFO HomeController  ImportAll 11/2025 07(全國人數表第11週).xlsx [GEPT] → 31校 48筆 錯誤:0
2026-09-11 15:35:54.4542[16]  INFO HomeController  ImportAll 11/PS南區人數統計表 114學年度(11週).xlsx [PS] → 4校 40筆 錯誤:0
2026-09-11 15:35:54.4542[16]  INFO HomeController  ImportAll 12/（百倍速）人數統計表更新版114.09.20.xlsx [PSJ] → 0校 0筆 錯誤:1
2026-09-11 15:41:37.9681[16]  INFO HomeController  ImportAll 12/2025 07(全國人數表第12週).xlsx [PH] → 26校 751筆 錯誤:0
2026-09-11 15:41:37.9681[16]  INFO HomeController  ImportAll 12/2025 07(全國人數表第12週).xlsx [GEPT] → 31校 48筆 錯誤:0
2026-09-11 15:41:57.9851[16]  INFO HomeController  ImportAll 12/PS南區人數統計表 114學年度(12週).xlsx [PS] → 4校 40筆 錯誤:0
2026-09-11 15:41:57.9851[16]  INFO HomeController  ImportAll 13/（百倍速）人數統計表更新版114.09.27.xlsx [PSJ] → 0校 0筆 錯誤:1
2026-09-11 15:47:46.5489[16]  INFO HomeController  ImportAll 13/2025 07(全國人數表第13週).xlsx [PH] → 26校 756筆 錯誤:0
2026-09-11 15:47:46.5489[16]  INFO HomeController  ImportAll 13/2025 07(全國人數表第13週).xlsx [GEPT] → 31校 44筆 錯誤:0
2026-09-11 15:48:06.8610[16]  INFO HomeController  ImportAll 13/PS南區人數統計表 114學年度(13週).xlsx [PS] → 4校 38筆 錯誤:0
2026-09-11 15:48:06.8757[16]  INFO HomeController  ImportAll 14/（百倍速）人數統計表更新版114.10.04.xlsx [PSJ] → 0校 0筆 錯誤:1
2026-09-11 15:53:52.8670[16]  INFO HomeController  ImportAll 14/2025 07(全國人數表第14週).xlsx [PH] → 26校 739筆 錯誤:0
2026-09-11 15:53:52.8670[16]  INFO HomeController  ImportAll 14/2025 07(全國人數表第14週).xlsx [GEPT] → 31校 42筆 錯誤:0
2026-09-11 15:54:13.3688[16]  INFO HomeController  ImportAll 14/PS南區人數統計表 114學年度(14週).xlsx [PS] → 4校 41筆 錯誤:0
2026-09-11 15:54:13.3816[16]  INFO HomeController  ImportAll 15/（百倍速）人數統計表更新版114.10.11.xlsx [PSJ] → 0校 0筆 錯誤:1
2026-09-11 16:00:00.6204[16]  INFO HomeController  ImportAll 15/2025 07(全國人數表第15週).xlsx [PH] → 26校 726筆 錯誤:0
2026-09-11 16:00:00.6204[16]  INFO HomeController  ImportAll 15/2025 07(全國人數表第15週).xlsx [GEPT] → 31校 42筆 錯誤:0
2026-09-11 16:00:21.3570[16]  INFO HomeController  ImportAll 15/PS南區人數統計表 114學年度(15週).xlsx [PS] → 4校 40筆 錯誤:0
2026-09-11 16:00:21.3707[16]  INFO HomeController  ImportAll 16/（百倍速）人數統計表更新版114.10.18.xlsx [PSJ] → 0校 0筆 錯誤:1
2026-09-11 16:06:16.1335[16]  INFO HomeController  ImportAll 16/2025 07(全國人數表第16週).xlsx [PH] → 26校 728筆 錯誤:0
2026-09-11 16:06:16.1335[16]  INFO HomeController  ImportAll 16/2025 07(全國人數表第16週).xlsx [GEPT] → 31校 41筆 錯誤:0
2026-09-11 16:06:37.4354[16]  INFO HomeController  ImportAll 16/PS南區人數統計表 114學年度(16週).xlsx [PS] → 4校 39筆 錯誤:0
2026-09-11 16:06:37.4498[16]  INFO HomeController  ImportAll 17/（百倍速）人數統計表更新版114.10.25.xlsx [PSJ] → 0校 0筆 錯誤:1
2026-09-11 16:12:34.2128[16]  INFO HomeController  ImportAll 17/2025 07(全國人數表第17週).xlsx [PH] → 26校 733筆 錯誤:0
2026-09-11 16:12:34.2128[16]  INFO HomeController  ImportAll 17/2025 07(全國人數表第17週).xlsx [GEPT] → 31校 42筆 錯誤:0
2026-09-11 16:12:56.5074[16]  INFO HomeController  ImportAll 17/PS南區人數統計表 114學年度(17週).xlsx [PS] → 4校 39筆 錯誤:0
2026-09-11 16:12:56.5194[16]  INFO HomeController  ImportAll 18/（百倍速）人數統計表更新版114.11.01.xlsx [PSJ] → 0校 0筆 錯誤:1
