2026-08-05 10:46:36.5842[13]  INFO HomeController  進入首頁 IsGuest:True IsAuthenticated:True
2026-08-05 10:46:36.5962[13]  INFO HomeController  進入首頁 讀取 Session account: login:0
2026-08-05 10:46:36.6723[17]  INFO MemberController  Member Login account: password: 
2026-08-05 10:48:41.4633[26]  INFO MemberController  Member Login account:admin password:cloudfun 
2026-08-05 10:48:41.6015[26]  INFO MemberController  進行登入 
2026-08-05 10:48:41.9777[26]  INFO MemberController  進行登入完成 導入 /Index False 
2026-08-05 10:48:42.1565[28]  INFO HomeController  進入首頁 IsGuest:False IsAuthenticated:True
2026-08-05 10:48:42.1565[28]  INFO HomeController  進入首頁
2026-08-05 10:48:44.8505[20]  INFO StudentPopulationController  進入首頁(MainMenu)
2026-08-05 10:48:44.8505[20]  INFO StudentPopulationController  進入首頁確認使用者 User.IsGuest False User.Id 23858d7e-f622-4d15-4a74-08dc7a5137dd
2026-08-05 11:08:09.0965[13]  INFO HomeController  進入首頁 IsGuest:True IsAuthenticated:True
2026-08-05 11:08:09.0965[13]  INFO HomeController  進入首頁 讀取 Session account: login:0
2026-08-05 11:08:09.3410[7]  INFO MemberController  Member Login account: password: 
2026-08-05 11:08:40.3020[22]  INFO MemberController  Member Login account:admin password:cloudfun 
2026-08-05 11:08:40.3488[22]  INFO MemberController  進行登入 
2026-08-05 11:08:40.3617[22]  INFO MemberController  進行登入完成 導入 /Index False 
2026-08-05 11:08:40.3893[22]  INFO HomeController  進入首頁 IsGuest:False IsAuthenticated:True
2026-08-05 11:08:40.3893[22]  INFO HomeController  進入首頁
2026-08-05 11:08:43.6379[19]  INFO StudentPopulationController  進入首頁(MainMenu)
2026-08-05 11:08:43.6379[19]  INFO StudentPopulationController  進入首頁確認使用者 User.IsGuest False User.Id 23858d7e-f622-4d15-4a74-08dc7a5137dd
2026-08-05 11:11:46.4150[32]  INFO HomeController  進入首頁 IsGuest:False IsAuthenticated:True
2026-08-05 11:11:46.4150[32]  INFO HomeController  進入首頁
