2026-09-16 16:07:28.0939[12]  INFO HomeController  ImportAll 19/2025 07(全國人數表第19週).xlsx [PH] → 26校 744筆 錯誤:0
2026-09-16 16:07:28.0939[12]  INFO HomeController  ImportAll 19/2025 07(全國人數表第19週).xlsx [GEPT] → 31校 41筆 錯誤:0
2026-09-16 16:07:49.4478[12]  INFO HomeController  ImportAll 19/PS南區人數統計表 114學年度(19週).xlsx [PS] → 4校 39筆 錯誤:0
2026-09-16 16:13:08.8394[12]  INFO HomeController  ImportAll 20/2025 07(全國人數表第20週).xlsx [PH] → 26校 731筆 錯誤:0
2026-09-16 16:13:08.8394[12]  INFO HomeController  ImportAll 20/2025 07(全國人數表第20週).xlsx [GEPT] → 31校 36筆 錯誤:0
2026-09-16 16:13:29.5482[12]  INFO HomeController  ImportAll 20/PS南區人數統計表 114學年度(20週).xlsx [PS] → 4校 39筆 錯誤:0
2026-09-16 16:18:41.9674[12]  INFO HomeController  ImportAll 21/2025 07(全國人數表第21週)1203update.xlsx [PH] → 26校 735筆 錯誤:0
2026-09-16 16:18:41.9674[12]  INFO HomeController  ImportAll 21/2025 07(全國人數表第21週)1203update.xlsx [GEPT] → 31校 33筆 錯誤:0
2026-09-16 16:19:03.0568[12]  INFO HomeController  ImportAll 21/PS南區人數統計表 114學年度(21週).xlsx [PS] → 4校 40筆 錯誤:0
2026-09-16 16:24:11.3141[12]  INFO HomeController  ImportAll 22/2025 07(全國人數表第22週).xlsx [PH] → 26校 743筆 錯誤:0
2026-09-16 16:24:11.3141[12]  INFO HomeController  ImportAll 22/2025 07(全國人數表第22週).xlsx [GEPT] → 31校 31筆 錯誤:0
2026-09-16 16:24:32.0665[12]  INFO HomeController  ImportAll 22/PS南區人數統計表 114學年度(22週).xlsx [PS] → 4校 40筆 錯誤:0
2026-09-16 16:29:48.0107[12]  INFO HomeController  ImportAll 23/2025 07(全國人數表第23週).xlsx [PH] → 26校 751筆 錯誤:0
2026-09-16 16:29:48.0107[12]  INFO HomeController  ImportAll 23/2025 07(全國人數表第23週).xlsx [GEPT] → 31校 29筆 錯誤:0
2026-09-16 16:30:09.3195[12]  INFO HomeController  ImportAll 23/PS南區人數統計表 114學年度(23週).xlsx [PS] → 4校 42筆 錯誤:0
2026-09-16 16:35:29.9488[12]  INFO HomeController  ImportAll 24/2025 07(全國人數表第24週).xlsx [PH] → 26校 743筆 錯誤:0
2026-09-16 16:35:29.9488[12]  INFO HomeController  ImportAll 24/2025 07(全國人數表第24週).xlsx [GEPT] → 31校 32筆 錯誤:0
2026-09-16 16:35:51.5624[12]  INFO HomeController  ImportAll 24/PS南區人數統計表 114學年度(24週).xlsx [PS] → 4校 42筆 錯誤:0
2026-09-16 16:40:51.7323[12]  INFO HomeController  ImportAll 25/2025 07(全國人數表第25週).xlsx [PH] → 26校 748筆 錯誤:0
2026-09-16 16:40:51.7323[12]  INFO HomeController  ImportAll 25/2025 07(全國人數表第25週).xlsx [GEPT] → 31校 31筆 錯誤:0
2026-09-16 16:41:12.4611[12]  INFO HomeController  ImportAll 25/PS南區人數統計表 114學年度(25週).xlsx [PS] → 4校 42筆 錯誤:0
