2026-07-28 09:02:28.9848[11]  INFO HomeController  進入首頁 IsGuest:True IsAuthenticated:True
2026-07-28 09:02:28.9848[11]  INFO HomeController  進入首頁 讀取 Session account: login:0
2026-07-28 09:02:29.1039[13]  INFO MemberController  Member Login account: password: 
2026-07-28 09:02:46.3567[19]  INFO MemberController  Member Login account:admin password:cloudfun 
2026-07-28 09:02:46.4583[19]  INFO MemberController  進行登入 
2026-07-28 09:02:46.6094[19]  INFO MemberController  進行登入完成 導入 /Index False 
2026-07-28 09:02:46.7829[7]  INFO HomeController  進入首頁 IsGuest:False IsAuthenticated:True
2026-07-28 09:02:46.7829[7]  INFO HomeController  進入首頁
2026-07-28 09:04:09.7339[13]  INFO HomeController  進入首頁 IsGuest:False IsAuthenticated:True
2026-07-28 09:04:09.7339[13]  INFO HomeController  進入首頁
2026-07-28 09:39:33.0944[7]  INFO HomeController  進入首頁 IsGuest:True IsAuthenticated:True
2026-07-28 09:39:33.0944[7]  INFO HomeController  進入首頁 讀取 Session account: login:0
2026-07-28 09:39:33.2253[18]  INFO MemberController  Member Login account: password: 
2026-07-28 09:39:53.0536[18]  INFO MemberController  Member Login account:admin password:cloudfun 
2026-07-28 09:39:53.1125[18]  INFO MemberController  進行登入 
2026-07-28 09:39:53.1338[18]  INFO MemberController  進行登入完成 導入 /Index False 
2026-07-28 09:39:53.1779[21]  INFO HomeController  進入首頁 IsGuest:False IsAuthenticated:True
2026-07-28 09:39:53.1779[21]  INFO HomeController  進入首頁
2026-07-28 09:52:56.3451[13]  INFO HomeController  進入首頁 IsGuest:False IsAuthenticated:True
2026-07-28 09:52:56.3451[13]  INFO HomeController  進入首頁
2026-07-28 09:56:16.3595[26]  INFO HomeController  進入首頁 IsGuest:False IsAuthenticated:True
2026-07-28 09:56:16.3595[26]  INFO HomeController  進入首頁
2026-07-28 09:56:37.5012[24]  INFO HomeController  進入首頁 IsGuest:False IsAuthenticated:True
2026-07-28 09:56:37.5012[24]  INFO HomeController  進入首頁
2026-07-28 09:57:22.3461[43]  INFO HomeController  進入首頁 IsGuest:False IsAuthenticated:True
2026-07-28 09:57:22.3461[43]  INFO HomeController  進入首頁
2026-07-28 09:58:47.1225[46]  INFO HomeController  進入首頁 IsGuest:False IsAuthenticated:True
2026-07-28 09:58:47.1225[46]  INFO HomeController  進入首頁
2026-07-28 18:33:44.5973[11]  INFO HomeController  進入首頁 IsGuest:True IsAuthenticated:True
2026-07-28 18:33:44.5973[11]  INFO HomeController  進入首頁 讀取 Session account: login:0
2026-07-28 18:33:44.7042[13]  INFO MemberController  Member Login account: password: 
2026-07-28 18:34:18.7346[19]  INFO MemberController  Member Login account:admin password:cloudfun 
2026-07-28 18:34:18.8150[19]  INFO MemberController  進行登入 
2026-07-28 18:34:18.9369[19]  INFO MemberController  進行登入完成 導入 /Index False 
2026-07-28 18:34:19.1065[18]  INFO HomeController  進入首頁 IsGuest:False IsAuthenticated:True
2026-07-28 18:34:19.1065[18]  INFO HomeController  進入首頁
2026-07-28 18:37:54.3442[9]  INFO HomeController  進入首頁 IsGuest:True IsAuthenticated:True
2026-07-28 18:37:54.3818[9]  INFO HomeController  進入首頁 讀取 Session account: login:0
2026-07-28 18:37:54.4032[13]  INFO MemberController  Member Login account: password: 
2026-07-28 18:37:54.4032[16]  INFO MemberController  Member Login account: password: 
2026-07-28 18:38:18.6466[22]  INFO MemberController  Member Login account:admin password:cloudfun 
2026-07-28 18:38:18.7401[22]  INFO MemberController  進行登入 
2026-07-28 18:38:18.9223[22]  INFO MemberController  進行登入完成 導入 /StudentPopulation/Index?type=PSJGrid False 
2026-07-28 18:38:18.9904[16]  INFO HomeController  進入首頁 IsGuest:False IsAuthenticated:True
2026-07-28 18:38:18.9904[16]  INFO HomeController  進入首頁
2026-07-28 18:44:27.2868[35]  INFO HomeController  進入首頁 IsGuest:False IsAuthenticated:True
2026-07-28 18:44:27.2868[35]  INFO HomeController  進入首頁
2026-07-28 18:44:40.4100[33]  INFO HomeController  進入首頁 IsGuest:False IsAuthenticated:True
2026-07-28 18:44:40.4100[33]  INFO HomeController  進入首頁
2026-07-28 18:50:02.7511[7]  INFO HomeController  進入首頁 IsGuest:False IsAuthenticated:True
2026-07-28 18:50:02.7511[7]  INFO HomeController  進入首頁
2026-07-28 18:50:16.8127[35]  INFO HomeController  進入首頁 IsGuest:False IsAuthenticated:True
2026-07-28 18:50:16.8127[35]  INFO HomeController  進入首頁
2026-07-28 18:53:54.5837[33]  INFO HomeController  進入首頁 IsGuest:False IsAuthenticated:True
2026-07-28 18:53:54.5837[33]  INFO HomeController  進入首頁
2026-07-28 19:28:58.3555[60]  INFO HomeController  進入首頁 IsGuest:False IsAuthenticated:True
2026-07-28 19:28:58.3555[60]  INFO HomeController  進入首頁
2026-07-28 19:29:05.3723[63]  INFO HomeController  進入首頁 IsGuest:False IsAuthenticated:True
2026-07-28 19:29:05.3723[63]  INFO HomeController  進入首頁
2026-07-28 19:39:43.5412[57]  INFO HomeController  進入首頁 IsGuest:False IsAuthenticated:True
2026-07-28 19:39:43.5412[57]  INFO HomeController  進入首頁
2026-07-28 19:46:02.9515[22]  INFO HomeController  進入首頁 IsGuest:False IsAuthenticated:True
2026-07-28 19:46:02.9515[22]  INFO HomeController  進入首頁
2026-07-28 19:46:14.8028[60]  INFO HomeController  進入首頁 IsGuest:False IsAuthenticated:True
2026-07-28 19:46:14.8028[60]  INFO HomeController  進入首頁
2026-07-28 19:59:27.6074[86]  INFO HomeController  進入首頁 IsGuest:False IsAuthenticated:True
2026-07-28 19:59:27.6074[86]  INFO HomeController  進入首頁
2026-07-28 20:05:11.5948[82]  INFO HomeController  進入首頁 IsGuest:False IsAuthenticated:True
2026-07-28 20:05:11.5948[82]  INFO HomeController  進入首頁
2026-07-28 20:09:57.2390[95]  INFO HomeController  進入首頁 IsGuest:False IsAuthenticated:True
2026-07-28 20:09:57.2390[95]  INFO HomeController  進入首頁
2026-07-28 20:12:12.5841[95]  INFO HomeController  進入首頁 IsGuest:False IsAuthenticated:True
2026-07-28 20:12:12.5841[95]  INFO HomeController  進入首頁
2026-07-28 21:51:05.5085[13]  INFO HomeController  進入首頁 IsGuest:True IsAuthenticated:True
2026-07-28 21:51:05.5085[13]  INFO HomeController  進入首頁 讀取 Session account: login:0
2026-07-28 21:51:05.6102[13]  INFO MemberController  Member Login account: password: 
2026-07-28 21:51:23.3981[13]  INFO MemberController  Member Login account:admin password:cloudfun 
2026-07-28 21:51:23.5154[13]  INFO MemberController  進行登入 
2026-07-28 21:51:23.6872[13]  INFO MemberController  進行登入完成 導入 /Index False 
2026-07-28 21:51:23.8881[11]  INFO HomeController  進入首頁 IsGuest:False IsAuthenticated:True
2026-07-28 21:51:23.8881[11]  INFO HomeController  進入首頁
2026-07-28 21:51:42.1092[19]  INFO HomeController  進入首頁 IsGuest:False IsAuthenticated:True
2026-07-28 21:51:42.1092[19]  INFO HomeController  進入首頁
2026-07-28 21:56:56.3486[36]  INFO HomeController  進入首頁 IsGuest:False IsAuthenticated:True
2026-07-28 21:56:56.3486[36]  INFO HomeController  進入首頁
2026-07-28 22:02:29.6864[48]  INFO HomeController  進入首頁 IsGuest:False IsAuthenticated:True
2026-07-28 22:02:29.6864[48]  INFO HomeController  進入首頁
2026-07-28 22:03:53.0002[44]  INFO HomeController  進入首頁 IsGuest:False IsAuthenticated:True
2026-07-28 22:03:53.0002[44]  INFO HomeController  進入首頁
2026-07-28 22:12:29.4802[55]  INFO HomeController  進入首頁 IsGuest:False IsAuthenticated:True
2026-07-28 22:12:29.4802[55]  INFO HomeController  進入首頁
2026-07-28 22:23:46.1954[53]  INFO HomeController  進入首頁 IsGuest:False IsAuthenticated:True
2026-07-28 22:23:46.1954[53]  INFO HomeController  進入首頁
